
===========================================================================
 report_power
============================================================================
======================= Fastest Corner ===================================

Group                  Internal  Switching    Leakage      Total
                          Power      Power      Power      Power (Watts)
----------------------------------------------------------------
Sequential             4.27e-05   4.68e-06   1.97e-08   4.74e-05  33.9%
Combinational          4.74e-05   4.48e-05   1.53e-09   9.22e-05  66.1%
Macro                  0.00e+00   0.00e+00   0.00e+00   0.00e+00   0.0%
Pad                    0.00e+00   0.00e+00   0.00e+00   0.00e+00   0.0%
----------------------------------------------------------------
Total                  9.01e-05   4.95e-05   2.12e-08   1.40e-04 100.0%
                          64.5%      35.5%       0.0%

======================= Slowest Corner ===================================

Group                  Internal  Switching    Leakage      Total
                          Power      Power      Power      Power (Watts)
----------------------------------------------------------------
Sequential             2.87e-05   3.05e-06   3.12e-07   3.20e-05  33.3%
Combinational          3.39e-05   2.95e-05   6.85e-07   6.41e-05  66.7%
Macro                  0.00e+00   0.00e+00   0.00e+00   0.00e+00   0.0%
Pad                    0.00e+00   0.00e+00   0.00e+00   0.00e+00   0.0%
----------------------------------------------------------------
Total                  6.26e-05   3.26e-05   9.97e-07   9.62e-05 100.0%
                          65.1%      33.9%       1.0%

======================= Typical Corner ===================================

Group                  Internal  Switching    Leakage      Total
                          Power      Power      Power      Power (Watts)
----------------------------------------------------------------
Sequential             3.68e-05   3.92e-06   1.95e-08   4.07e-05  33.9%
Combinational          4.17e-05   3.79e-05   6.79e-10   7.96e-05  66.1%
Macro                  0.00e+00   0.00e+00   0.00e+00   0.00e+00   0.0%
Pad                    0.00e+00   0.00e+00   0.00e+00   0.00e+00   0.0%
----------------------------------------------------------------
Total                  7.85e-05   4.18e-05   2.02e-08   1.20e-04 100.0%
                          65.2%      34.7%       0.0%

