
===========================================================================
report_checks -path_delay min (Hold)
============================================================================
======================= Typical Corner ===================================

Startpoint: _152_ (rising edge-triggered flip-flop clocked by clk)
Endpoint: _152_ (rising edge-triggered flip-flop clocked by clk)
Path Group: clk
Path Type: min

Fanout     Cap    Slew   Delay    Time   Description
-----------------------------------------------------------------------------
                  0.15    0.00    0.00   clock clk (rise edge)
                          0.00    0.00   clock network delay (ideal)
                  0.15    0.00    0.00 ^ _152_/CLK (sky130_fd_sc_hd__dfrtp_1)
                  0.09    0.37    0.37 ^ _152_/Q (sky130_fd_sc_hd__dfrtp_1)
     2    0.01                           net30 (net)
                  0.09    0.00    0.37 ^ _086_/A (sky130_fd_sc_hd__xor2_1)
                  0.03    0.06    0.43 v _086_/X (sky130_fd_sc_hd__xor2_1)
     1    0.00                           _003_ (net)
                  0.03    0.00    0.43 v _152_/D (sky130_fd_sc_hd__dfrtp_1)
                                  0.43   data arrival time

                  0.15    0.00    0.00   clock clk (rise edge)
                          0.00    0.00   clock network delay (ideal)
                          0.25    0.25   clock uncertainty
                          0.00    0.25   clock reconvergence pessimism
                                  0.25 ^ _152_/CLK (sky130_fd_sc_hd__dfrtp_1)
                         -0.02    0.23   library hold time
                                  0.23   data required time
-----------------------------------------------------------------------------
                                  0.23   data required time
                                 -0.43   data arrival time
-----------------------------------------------------------------------------
                                  0.20   slack (MET)


Startpoint: _156_ (rising edge-triggered flip-flop clocked by clk)
Endpoint: _156_ (rising edge-triggered flip-flop clocked by clk)
Path Group: clk
Path Type: min

Fanout     Cap    Slew   Delay    Time   Description
-----------------------------------------------------------------------------
                  0.15    0.00    0.00   clock clk (rise edge)
                          0.00    0.00   clock network delay (ideal)
                  0.15    0.00    0.00 ^ _156_/CLK (sky130_fd_sc_hd__dfxtp_1)
                  0.03    0.32    0.32 v _156_/Q (sky130_fd_sc_hd__dfxtp_1)
     2    0.00                           net17 (net)
                  0.03    0.00    0.32 v _097_/A (sky130_fd_sc_hd__clkbuf_1)
                  0.02    0.08    0.39 v _097_/X (sky130_fd_sc_hd__clkbuf_1)
     1    0.00                           _051_ (net)
                  0.02    0.00    0.39 v _098_/A (sky130_fd_sc_hd__clkbuf_1)
                  0.02    0.07    0.46 v _098_/X (sky130_fd_sc_hd__clkbuf_1)
     1    0.00                           _011_ (net)
                  0.02    0.00    0.46 v _156_/D (sky130_fd_sc_hd__dfxtp_1)
                                  0.46   data arrival time

                  0.15    0.00    0.00   clock clk (rise edge)
                          0.00    0.00   clock network delay (ideal)
                          0.25    0.25   clock uncertainty
                          0.00    0.25   clock reconvergence pessimism
                                  0.25 ^ _156_/CLK (sky130_fd_sc_hd__dfxtp_1)
                         -0.02    0.23   library hold time
                                  0.23   data required time
-----------------------------------------------------------------------------
                                  0.23   data required time
                                 -0.46   data arrival time
-----------------------------------------------------------------------------
                                  0.23   slack (MET)


Startpoint: _155_ (rising edge-triggered flip-flop clocked by clk)
Endpoint: _155_ (rising edge-triggered flip-flop clocked by clk)
Path Group: clk
Path Type: min

Fanout     Cap    Slew   Delay    Time   Description
-----------------------------------------------------------------------------
                  0.15    0.00    0.00   clock clk (rise edge)
                          0.00    0.00   clock network delay (ideal)
                  0.15    0.00    0.00 ^ _155_/CLK (sky130_fd_sc_hd__dfxtp_1)
                  0.03    0.32    0.32 v _155_/Q (sky130_fd_sc_hd__dfxtp_1)
     2    0.00                           net16 (net)
                  0.03    0.00    0.32 v _095_/A (sky130_fd_sc_hd__clkbuf_1)
                  0.02    0.08    0.39 v _095_/X (sky130_fd_sc_hd__clkbuf_1)
     1    0.00                           _050_ (net)
                  0.02    0.00    0.39 v _096_/A (sky130_fd_sc_hd__clkbuf_1)
                  0.02    0.07    0.47 v _096_/X (sky130_fd_sc_hd__clkbuf_1)
     1    0.00                           _010_ (net)
                  0.02    0.00    0.47 v _155_/D (sky130_fd_sc_hd__dfxtp_1)
                                  0.47   data arrival time

                  0.15    0.00    0.00   clock clk (rise edge)
                          0.00    0.00   clock network delay (ideal)
                          0.25    0.25   clock uncertainty
                          0.00    0.25   clock reconvergence pessimism
                                  0.25 ^ _155_/CLK (sky130_fd_sc_hd__dfxtp_1)
                         -0.02    0.23   library hold time
                                  0.23   data required time
-----------------------------------------------------------------------------
                                  0.23   data required time
                                 -0.47   data arrival time
-----------------------------------------------------------------------------
                                  0.24   slack (MET)


Startpoint: _154_ (rising edge-triggered flip-flop clocked by clk)
Endpoint: _154_ (rising edge-triggered flip-flop clocked by clk)
Path Group: clk
Path Type: min

Fanout     Cap    Slew   Delay    Time   Description
-----------------------------------------------------------------------------
                  0.15    0.00    0.00   clock clk (rise edge)
                          0.00    0.00   clock network delay (ideal)
                  0.15    0.00    0.00 ^ _154_/CLK (sky130_fd_sc_hd__dfxtp_1)
                  0.03    0.32    0.32 v _154_/Q (sky130_fd_sc_hd__dfxtp_1)
     2    0.00                           net15 (net)
                  0.03    0.00    0.32 v _093_/A (sky130_fd_sc_hd__clkbuf_1)
                  0.03    0.08    0.39 v _093_/X (sky130_fd_sc_hd__clkbuf_1)
     1    0.00                           _049_ (net)
                  0.03    0.00    0.39 v _094_/A (sky130_fd_sc_hd__clkbuf_1)
                  0.02    0.07    0.47 v _094_/X (sky130_fd_sc_hd__clkbuf_1)
     1    0.00                           _009_ (net)
                  0.02    0.00    0.47 v _154_/D (sky130_fd_sc_hd__dfxtp_1)
                                  0.47   data arrival time

                  0.15    0.00    0.00   clock clk (rise edge)
                          0.00    0.00   clock network delay (ideal)
                          0.25    0.25   clock uncertainty
                          0.00    0.25   clock reconvergence pessimism
                                  0.25 ^ _154_/CLK (sky130_fd_sc_hd__dfxtp_1)
                         -0.02    0.23   library hold time
                                  0.23   data required time
-----------------------------------------------------------------------------
                                  0.23   data required time
                                 -0.47   data arrival time
-----------------------------------------------------------------------------
                                  0.24   slack (MET)


Startpoint: _153_ (rising edge-triggered flip-flop clocked by clk)
Endpoint: _153_ (rising edge-triggered flip-flop clocked by clk)
Path Group: clk
Path Type: min

Fanout     Cap    Slew   Delay    Time   Description
-----------------------------------------------------------------------------
                  0.15    0.00    0.00   clock clk (rise edge)
                          0.00    0.00   clock network delay (ideal)
                  0.15    0.00    0.00 ^ _153_/CLK (sky130_fd_sc_hd__dfxtp_1)
                  0.03    0.32    0.32 v _153_/Q (sky130_fd_sc_hd__dfxtp_1)
     2    0.00                           net14 (net)
                  0.03    0.00    0.32 v _091_/A (sky130_fd_sc_hd__clkbuf_1)
                  0.03    0.08    0.40 v _091_/X (sky130_fd_sc_hd__clkbuf_1)
     1    0.00                           _048_ (net)
                  0.03    0.00    0.40 v _092_/A (sky130_fd_sc_hd__clkbuf_1)
                  0.02    0.07    0.47 v _092_/X (sky130_fd_sc_hd__clkbuf_1)
     1    0.00                           _008_ (net)
                  0.02    0.00    0.47 v _153_/D (sky130_fd_sc_hd__dfxtp_1)
                                  0.47   data arrival time

                  0.15    0.00    0.00   clock clk (rise edge)
                          0.00    0.00   clock network delay (ideal)
                          0.25    0.25   clock uncertainty
                          0.00    0.25   clock reconvergence pessimism
                                  0.25 ^ _153_/CLK (sky130_fd_sc_hd__dfxtp_1)
                         -0.02    0.23   library hold time
                                  0.23   data required time
-----------------------------------------------------------------------------
                                  0.23   data required time
                                 -0.47   data arrival time
-----------------------------------------------------------------------------
                                  0.24   slack (MET)


Startpoint: _160_ (rising edge-triggered flip-flop clocked by clk)
Endpoint: _160_ (rising edge-triggered flip-flop clocked by clk)
Path Group: clk
Path Type: min

Fanout     Cap    Slew   Delay    Time   Description
-----------------------------------------------------------------------------
                  0.15    0.00    0.00   clock clk (rise edge)
                          0.00    0.00   clock network delay (ideal)
                  0.15    0.00    0.00 ^ _160_/CLK (sky130_fd_sc_hd__dfxtp_1)
                  0.10    0.36    0.36 ^ _160_/Q (sky130_fd_sc_hd__dfxtp_1)
     3    0.01                           net13 (net)
                  0.10    0.00    0.36 ^ _132_/B1 (sky130_fd_sc_hd__a2bb2o_1)
                  0.04    0.12    0.49 ^ _132_/X (sky130_fd_sc_hd__a2bb2o_1)
     1    0.00                           _015_ (net)
                  0.04    0.00    0.49 ^ _160_/D (sky130_fd_sc_hd__dfxtp_1)
                                  0.49   data arrival time

                  0.15    0.00    0.00   clock clk (rise edge)
                          0.00    0.00   clock network delay (ideal)
                          0.25    0.25   clock uncertainty
                          0.00    0.25   clock reconvergence pessimism
                                  0.25 ^ _160_/CLK (sky130_fd_sc_hd__dfxtp_1)
                         -0.02    0.23   library hold time
                                  0.23   data required time
-----------------------------------------------------------------------------
                                  0.23   data required time
                                 -0.49   data arrival time
-----------------------------------------------------------------------------
                                  0.25   slack (MET)


Startpoint: _159_ (rising edge-triggered flip-flop clocked by clk)
Endpoint: _159_ (rising edge-triggered flip-flop clocked by clk)
Path Group: clk
Path Type: min

Fanout     Cap    Slew   Delay    Time   Description
-----------------------------------------------------------------------------
                  0.15    0.00    0.00   clock clk (rise edge)
                          0.00    0.00   clock network delay (ideal)
                  0.15    0.00    0.00 ^ _159_/CLK (sky130_fd_sc_hd__dfxtp_1)
                  0.10    0.36    0.36 ^ _159_/Q (sky130_fd_sc_hd__dfxtp_1)
     3    0.01                           net12 (net)
                  0.10    0.00    0.36 ^ _123_/A1 (sky130_fd_sc_hd__a22o_1)
                  0.04    0.13    0.49 ^ _123_/X (sky130_fd_sc_hd__a22o_1)
     1    0.00                           _014_ (net)
                  0.04    0.00    0.49 ^ _159_/D (sky130_fd_sc_hd__dfxtp_1)
                                  0.49   data arrival time

                  0.15    0.00    0.00   clock clk (rise edge)
                          0.00    0.00   clock network delay (ideal)
                          0.25    0.25   clock uncertainty
                          0.00    0.25   clock reconvergence pessimism
                                  0.25 ^ _159_/CLK (sky130_fd_sc_hd__dfxtp_1)
                         -0.02    0.23   library hold time
                                  0.23   data required time
-----------------------------------------------------------------------------
                                  0.23   data required time
                                 -0.49   data arrival time
-----------------------------------------------------------------------------
                                  0.25   slack (MET)


Startpoint: _151_ (rising edge-triggered flip-flop clocked by clk)
Endpoint: _151_ (rising edge-triggered flip-flop clocked by clk)
Path Group: clk
Path Type: min

Fanout     Cap    Slew   Delay    Time   Description
-----------------------------------------------------------------------------
                  0.15    0.00    0.00   clock clk (rise edge)
                          0.00    0.00   clock network delay (ideal)
                  0.15    0.00    0.00 ^ _151_/CLK (sky130_fd_sc_hd__dfrtp_1)
                  0.08    0.36    0.36 ^ _151_/Q (sky130_fd_sc_hd__dfrtp_1)
     3    0.01                           net29 (net)
                  0.08    0.00    0.36 ^ _083_/A (sky130_fd_sc_hd__nor2_1)
                  0.03    0.05    0.41 v _083_/Y (sky130_fd_sc_hd__nor2_1)
     1    0.00                           _046_ (net)
                  0.03    0.00    0.41 v _085_/A (sky130_fd_sc_hd__nor2_1)
                  0.07    0.08    0.49 ^ _085_/Y (sky130_fd_sc_hd__nor2_1)
     1    0.00                           _002_ (net)
                  0.07    0.00    0.49 ^ _151_/D (sky130_fd_sc_hd__dfrtp_1)
                                  0.49   data arrival time

                  0.15    0.00    0.00   clock clk (rise edge)
                          0.00    0.00   clock network delay (ideal)
                          0.25    0.25   clock uncertainty
                          0.00    0.25   clock reconvergence pessimism
                                  0.25 ^ _151_/CLK (sky130_fd_sc_hd__dfrtp_1)
                         -0.03    0.22   library hold time
                                  0.22   data required time
-----------------------------------------------------------------------------
                                  0.22   data required time
                                 -0.49   data arrival time
-----------------------------------------------------------------------------
                                  0.27   slack (MET)


Startpoint: _149_ (rising edge-triggered flip-flop clocked by clk)
Endpoint: _149_ (rising edge-triggered flip-flop clocked by clk)
Path Group: clk
Path Type: min

Fanout     Cap    Slew   Delay    Time   Description
-----------------------------------------------------------------------------
                  0.15    0.00    0.00   clock clk (rise edge)
                          0.00    0.00   clock network delay (ideal)
                  0.15    0.00    0.00 ^ _149_/CLK (sky130_fd_sc_hd__dfrtp_4)
                  0.10    0.46    0.46 ^ _149_/Q (sky130_fd_sc_hd__dfrtp_4)
     8    0.03                           net27 (net)
                  0.10    0.00    0.46 ^ _072_/A (sky130_fd_sc_hd__inv_2)
                  0.03    0.04    0.50 v _072_/Y (sky130_fd_sc_hd__inv_2)
     2    0.01                           _000_ (net)
                  0.03    0.00    0.50 v _149_/D (sky130_fd_sc_hd__dfrtp_4)
                                  0.50   data arrival time

                  0.15    0.00    0.00   clock clk (rise edge)
                          0.00    0.00   clock network delay (ideal)
                          0.25    0.25   clock uncertainty
                          0.00    0.25   clock reconvergence pessimism
                                  0.25 ^ _149_/CLK (sky130_fd_sc_hd__dfrtp_4)
                         -0.01    0.24   library hold time
                                  0.24   data required time
-----------------------------------------------------------------------------
                                  0.24   data required time
                                 -0.50   data arrival time
-----------------------------------------------------------------------------
                                  0.27   slack (MET)


Startpoint: _163_ (rising edge-triggered flip-flop clocked by clk)
Endpoint: _163_ (rising edge-triggered flip-flop clocked by clk)
Path Group: clk
Path Type: min

Fanout     Cap    Slew   Delay    Time   Description
-----------------------------------------------------------------------------
                  0.15    0.00    0.00   clock clk (rise edge)
                          0.00    0.00   clock network delay (ideal)
                  0.15    0.00    0.00 ^ _163_/CLK (sky130_fd_sc_hd__dfxtp_1)
                  0.08    0.35    0.35 ^ _163_/Q (sky130_fd_sc_hd__dfxtp_1)
     3    0.01                           net8 (net)
                  0.08    0.00    0.35 ^ _137_/A (sky130_fd_sc_hd__or2_1)
                  0.04    0.10    0.44 ^ _137_/X (sky130_fd_sc_hd__or2_1)
     1    0.00                           _036_ (net)
                  0.04    0.00    0.44 ^ _138_/A (sky130_fd_sc_hd__clkbuf_1)
                  0.03    0.07    0.51 ^ _138_/X (sky130_fd_sc_hd__clkbuf_1)
     1    0.00                           _018_ (net)
                  0.03    0.00    0.51 ^ _163_/D (sky130_fd_sc_hd__dfxtp_1)
                                  0.51   data arrival time

                  0.15    0.00    0.00   clock clk (rise edge)
                          0.00    0.00   clock network delay (ideal)
                          0.25    0.25   clock uncertainty
                          0.00    0.25   clock reconvergence pessimism
                                  0.25 ^ _163_/CLK (sky130_fd_sc_hd__dfxtp_1)
                         -0.02    0.23   library hold time
                                  0.23   data required time
-----------------------------------------------------------------------------
                                  0.23   data required time
                                 -0.51   data arrival time
-----------------------------------------------------------------------------
                                  0.28   slack (MET)


Startpoint: _161_ (rising edge-triggered flip-flop clocked by clk)
Endpoint: _161_ (rising edge-triggered flip-flop clocked by clk)
Path Group: clk
Path Type: min

Fanout     Cap    Slew   Delay    Time   Description
-----------------------------------------------------------------------------
                  0.15    0.00    0.00   clock clk (rise edge)
                          0.00    0.00   clock network delay (ideal)
                  0.15    0.00    0.00 ^ _161_/CLK (sky130_fd_sc_hd__dfxtp_1)
                  0.09    0.36    0.36 ^ _161_/Q (sky130_fd_sc_hd__dfxtp_1)
     3    0.01                           net6 (net)
                  0.09    0.00    0.36 ^ _133_/A (sky130_fd_sc_hd__or2_1)
                  0.04    0.10    0.45 ^ _133_/X (sky130_fd_sc_hd__or2_1)
     1    0.00                           _034_ (net)
                  0.04    0.00    0.45 ^ _134_/A (sky130_fd_sc_hd__clkbuf_1)
                  0.04    0.07    0.52 ^ _134_/X (sky130_fd_sc_hd__clkbuf_1)
     1    0.00                           _016_ (net)
                  0.04    0.00    0.52 ^ _161_/D (sky130_fd_sc_hd__dfxtp_1)
                                  0.52   data arrival time

                  0.15    0.00    0.00   clock clk (rise edge)
                          0.00    0.00   clock network delay (ideal)
                          0.25    0.25   clock uncertainty
                          0.00    0.25   clock reconvergence pessimism
                                  0.25 ^ _161_/CLK (sky130_fd_sc_hd__dfxtp_1)
                         -0.02    0.23   library hold time
                                  0.23   data required time
-----------------------------------------------------------------------------
                                  0.23   data required time
                                 -0.52   data arrival time
-----------------------------------------------------------------------------
                                  0.29   slack (MET)


Startpoint: _164_ (rising edge-triggered flip-flop clocked by clk)
Endpoint: _164_ (rising edge-triggered flip-flop clocked by clk)
Path Group: clk
Path Type: min

Fanout     Cap    Slew   Delay    Time   Description
-----------------------------------------------------------------------------
                  0.15    0.00    0.00   clock clk (rise edge)
                          0.00    0.00   clock network delay (ideal)
                  0.15    0.00    0.00 ^ _164_/CLK (sky130_fd_sc_hd__dfxtp_1)
                  0.04    0.32    0.32 v _164_/Q (sky130_fd_sc_hd__dfxtp_1)
     3    0.01                           net9 (net)
                  0.04    0.00    0.32 v _139_/A (sky130_fd_sc_hd__and2_1)
                  0.03    0.12    0.44 v _139_/X (sky130_fd_sc_hd__and2_1)
     1    0.00                           _037_ (net)
                  0.03    0.00    0.44 v _140_/A (sky130_fd_sc_hd__clkbuf_1)
                  0.02    0.07    0.52 v _140_/X (sky130_fd_sc_hd__clkbuf_1)
     1    0.00                           _019_ (net)
                  0.02    0.00    0.52 v _164_/D (sky130_fd_sc_hd__dfxtp_1)
                                  0.52   data arrival time

                  0.15    0.00    0.00   clock clk (rise edge)
                          0.00    0.00   clock network delay (ideal)
                          0.25    0.25   clock uncertainty
                          0.00    0.25   clock reconvergence pessimism
                                  0.25 ^ _164_/CLK (sky130_fd_sc_hd__dfxtp_1)
                         -0.02    0.23   library hold time
                                  0.23   data required time
-----------------------------------------------------------------------------
                                  0.23   data required time
                                 -0.52   data arrival time
-----------------------------------------------------------------------------
                                  0.29   slack (MET)


Startpoint: _157_ (rising edge-triggered flip-flop clocked by clk)
Endpoint: _157_ (rising edge-triggered flip-flop clocked by clk)
Path Group: clk
Path Type: min

Fanout     Cap    Slew   Delay    Time   Description
-----------------------------------------------------------------------------
                  0.15    0.00    0.00   clock clk (rise edge)
                          0.00    0.00   clock network delay (ideal)
                  0.15    0.00    0.00 ^ _157_/CLK (sky130_fd_sc_hd__dfxtp_1)
                  0.09    0.35    0.35 ^ _157_/Q (sky130_fd_sc_hd__dfxtp_1)
     3    0.01                           net10 (net)
                  0.09    0.00    0.35 ^ _100_/A (sky130_fd_sc_hd__or3b_1)
                  0.06    0.12    0.47 ^ _100_/X (sky130_fd_sc_hd__or3b_1)
     2    0.01                           _053_ (net)
                  0.06    0.00    0.47 ^ _101_/B (sky130_fd_sc_hd__nand2_1)
                  0.03    0.05    0.52 v _101_/Y (sky130_fd_sc_hd__nand2_1)
     1    0.00                           _012_ (net)
                  0.03    0.00    0.52 v _157_/D (sky130_fd_sc_hd__dfxtp_1)
                                  0.52   data arrival time

                  0.15    0.00    0.00   clock clk (rise edge)
                          0.00    0.00   clock network delay (ideal)
                          0.25    0.25   clock uncertainty
                          0.00    0.25   clock reconvergence pessimism
                                  0.25 ^ _157_/CLK (sky130_fd_sc_hd__dfxtp_1)
                         -0.02    0.23   library hold time
                                  0.23   data required time
-----------------------------------------------------------------------------
                                  0.23   data required time
                                 -0.52   data arrival time
-----------------------------------------------------------------------------
                                  0.29   slack (MET)


Startpoint: _162_ (rising edge-triggered flip-flop clocked by clk)
Endpoint: _162_ (rising edge-triggered flip-flop clocked by clk)
Path Group: clk
Path Type: min

Fanout     Cap    Slew   Delay    Time   Description
-----------------------------------------------------------------------------
                  0.15    0.00    0.00   clock clk (rise edge)
                          0.00    0.00   clock network delay (ideal)
                  0.15    0.00    0.00 ^ _162_/CLK (sky130_fd_sc_hd__dfxtp_1)
                  0.04    0.33    0.33 v _162_/Q (sky130_fd_sc_hd__dfxtp_1)
     3    0.01                           net7 (net)
                  0.04    0.00    0.33 v _135_/A (sky130_fd_sc_hd__and2_1)
                  0.03    0.12    0.45 v _135_/X (sky130_fd_sc_hd__and2_1)
     1    0.00                           _035_ (net)
                  0.03    0.00    0.45 v _136_/A (sky130_fd_sc_hd__clkbuf_1)
                  0.02    0.07    0.52 v _136_/X (sky130_fd_sc_hd__clkbuf_1)
     1    0.00                           _017_ (net)
                  0.02    0.00    0.52 v _162_/D (sky130_fd_sc_hd__dfxtp_1)
                                  0.52   data arrival time

                  0.15    0.00    0.00   clock clk (rise edge)
                          0.00    0.00   clock network delay (ideal)
                          0.25    0.25   clock uncertainty
                          0.00    0.25   clock reconvergence pessimism
                                  0.25 ^ _162_/CLK (sky130_fd_sc_hd__dfxtp_1)
                         -0.02    0.23   library hold time
                                  0.23   data required time
-----------------------------------------------------------------------------
                                  0.23   data required time
                                 -0.52   data arrival time
-----------------------------------------------------------------------------
                                  0.29   slack (MET)


Startpoint: _158_ (rising edge-triggered flip-flop clocked by clk)
Endpoint: _158_ (rising edge-triggered flip-flop clocked by clk)
Path Group: clk
Path Type: min

Fanout     Cap    Slew   Delay    Time   Description
-----------------------------------------------------------------------------
                  0.15    0.00    0.00   clock clk (rise edge)
                          0.00    0.00   clock network delay (ideal)
                  0.15    0.00    0.00 ^ _158_/CLK (sky130_fd_sc_hd__dfxtp_1)
                  0.07    0.34    0.34 ^ _158_/Q (sky130_fd_sc_hd__dfxtp_1)
     3    0.01                           net11 (net)
                  0.07    0.00    0.34 ^ _112_/A (sky130_fd_sc_hd__and2_1)
                  0.05    0.11    0.46 ^ _112_/X (sky130_fd_sc_hd__and2_1)
     1    0.00                           _064_ (net)
                  0.05    0.00    0.46 ^ _113_/B1 (sky130_fd_sc_hd__a31o_1)
                  0.04    0.08    0.54 ^ _113_/X (sky130_fd_sc_hd__a31o_1)
     1    0.00                           _013_ (net)
                  0.04    0.00    0.54 ^ _158_/D (sky130_fd_sc_hd__dfxtp_1)
                                  0.54   data arrival time

                  0.15    0.00    0.00   clock clk (rise edge)
                          0.00    0.00   clock network delay (ideal)
                          0.25    0.25   clock uncertainty
                          0.00    0.25   clock reconvergence pessimism
                                  0.25 ^ _158_/CLK (sky130_fd_sc_hd__dfxtp_1)
                         -0.02    0.23   library hold time
                                  0.23   data required time
-----------------------------------------------------------------------------
                                  0.23   data required time
                                 -0.54   data arrival time
-----------------------------------------------------------------------------
                                  0.30   slack (MET)


Startpoint: _167_ (rising edge-triggered flip-flop clocked by clk)
Endpoint: _167_ (rising edge-triggered flip-flop clocked by clk)
Path Group: clk
Path Type: min

Fanout     Cap    Slew   Delay    Time   Description
-----------------------------------------------------------------------------
                  0.15    0.00    0.00   clock clk (rise edge)
                          0.00    0.00   clock network delay (ideal)
                  0.15    0.00    0.00 ^ _167_/CLK (sky130_fd_sc_hd__dfxtp_1)
                  0.06    0.34    0.34 v _167_/Q (sky130_fd_sc_hd__dfxtp_1)
     5    0.01                           net4 (net)
                  0.06    0.00    0.34 v _145_/A (sky130_fd_sc_hd__and2_1)
                  0.03    0.13    0.47 v _145_/X (sky130_fd_sc_hd__and2_1)
     1    0.00                           _040_ (net)
                  0.03    0.00    0.47 v _146_/A (sky130_fd_sc_hd__clkbuf_1)
                  0.02    0.07    0.55 v _146_/X (sky130_fd_sc_hd__clkbuf_1)
     1    0.00                           _022_ (net)
                  0.02    0.00    0.55 v _167_/D (sky130_fd_sc_hd__dfxtp_1)
                                  0.55   data arrival time

                  0.15    0.00    0.00   clock clk (rise edge)
                          0.00    0.00   clock network delay (ideal)
                          0.25    0.25   clock uncertainty
                          0.00    0.25   clock reconvergence pessimism
                                  0.25 ^ _167_/CLK (sky130_fd_sc_hd__dfxtp_1)
                         -0.02    0.23   library hold time
                                  0.23   data required time
-----------------------------------------------------------------------------
                                  0.23   data required time
                                 -0.55   data arrival time
-----------------------------------------------------------------------------
                                  0.32   slack (MET)


Startpoint: _166_ (rising edge-triggered flip-flop clocked by clk)
Endpoint: _166_ (rising edge-triggered flip-flop clocked by clk)
Path Group: clk
Path Type: min

Fanout     Cap    Slew   Delay    Time   Description
-----------------------------------------------------------------------------
                  0.15    0.00    0.00   clock clk (rise edge)
                          0.00    0.00   clock network delay (ideal)
                  0.15    0.00    0.00 ^ _166_/CLK (sky130_fd_sc_hd__dfxtp_1)
                  0.12    0.38    0.38 ^ _166_/Q (sky130_fd_sc_hd__dfxtp_1)
     5    0.01                           net3 (net)
                  0.12    0.00    0.38 ^ _143_/A (sky130_fd_sc_hd__or2_1)
                  0.04    0.11    0.49 ^ _143_/X (sky130_fd_sc_hd__or2_1)
     1    0.00                           _039_ (net)
                  0.04    0.00    0.49 ^ _144_/A (sky130_fd_sc_hd__clkbuf_1)
                  0.03    0.07    0.55 ^ _144_/X (sky130_fd_sc_hd__clkbuf_1)
     1    0.00                           _021_ (net)
                  0.03    0.00    0.55 ^ _166_/D (sky130_fd_sc_hd__dfxtp_1)
                                  0.55   data arrival time

                  0.15    0.00    0.00   clock clk (rise edge)
                          0.00    0.00   clock network delay (ideal)
                          0.25    0.25   clock uncertainty
                          0.00    0.25   clock reconvergence pessimism
                                  0.25 ^ _166_/CLK (sky130_fd_sc_hd__dfxtp_1)
                         -0.02    0.23   library hold time
                                  0.23   data required time
-----------------------------------------------------------------------------
                                  0.23   data required time
                                 -0.55   data arrival time
-----------------------------------------------------------------------------
                                  0.32   slack (MET)


Startpoint: _168_ (rising edge-triggered flip-flop clocked by clk)
Endpoint: _168_ (rising edge-triggered flip-flop clocked by clk)
Path Group: clk
Path Type: min

Fanout     Cap    Slew   Delay    Time   Description
-----------------------------------------------------------------------------
                  0.15    0.00    0.00   clock clk (rise edge)
                          0.00    0.00   clock network delay (ideal)
                  0.15    0.00    0.00 ^ _168_/CLK (sky130_fd_sc_hd__dfxtp_1)
                  0.06    0.34    0.34 v _168_/Q (sky130_fd_sc_hd__dfxtp_1)
     5    0.01                           net5 (net)
                  0.06    0.00    0.34 v _147_/A (sky130_fd_sc_hd__and2_1)
                  0.03    0.13    0.47 v _147_/X (sky130_fd_sc_hd__and2_1)
     1    0.00                           _041_ (net)
                  0.03    0.00    0.47 v _148_/A (sky130_fd_sc_hd__clkbuf_1)
                  0.02    0.07    0.55 v _148_/X (sky130_fd_sc_hd__clkbuf_1)
     1    0.00                           _023_ (net)
                  0.02    0.00    0.55 v _168_/D (sky130_fd_sc_hd__dfxtp_1)
                                  0.55   data arrival time

                  0.15    0.00    0.00   clock clk (rise edge)
                          0.00    0.00   clock network delay (ideal)
                          0.25    0.25   clock uncertainty
                          0.00    0.25   clock reconvergence pessimism
                                  0.25 ^ _168_/CLK (sky130_fd_sc_hd__dfxtp_1)
                         -0.02    0.23   library hold time
                                  0.23   data required time
-----------------------------------------------------------------------------
                                  0.23   data required time
                                 -0.55   data arrival time
-----------------------------------------------------------------------------
                                  0.32   slack (MET)


Startpoint: _165_ (rising edge-triggered flip-flop clocked by clk)
Endpoint: _165_ (rising edge-triggered flip-flop clocked by clk)
Path Group: clk
Path Type: min

Fanout     Cap    Slew   Delay    Time   Description
-----------------------------------------------------------------------------
                  0.15    0.00    0.00   clock clk (rise edge)
                          0.00    0.00   clock network delay (ideal)
                  0.15    0.00    0.00 ^ _165_/CLK (sky130_fd_sc_hd__dfxtp_1)
                  0.17    0.41    0.41 ^ _165_/Q (sky130_fd_sc_hd__dfxtp_1)
     7    0.02                           net2 (net)
                  0.17    0.00    0.41 ^ _141_/A (sky130_fd_sc_hd__or2_1)
                  0.04    0.12    0.53 ^ _141_/X (sky130_fd_sc_hd__or2_1)
     1    0.00                           _038_ (net)
                  0.04    0.00    0.53 ^ _142_/A (sky130_fd_sc_hd__clkbuf_1)
                  0.04    0.07    0.60 ^ _142_/X (sky130_fd_sc_hd__clkbuf_1)
     1    0.00                           _020_ (net)
                  0.04    0.00    0.60 ^ _165_/D (sky130_fd_sc_hd__dfxtp_1)
                                  0.60   data arrival time

                  0.15    0.00    0.00   clock clk (rise edge)
                          0.00    0.00   clock network delay (ideal)
                          0.25    0.25   clock uncertainty
                          0.00    0.25   clock reconvergence pessimism
                                  0.25 ^ _165_/CLK (sky130_fd_sc_hd__dfxtp_1)
                         -0.02    0.23   library hold time
                                  0.23   data required time
-----------------------------------------------------------------------------
                                  0.23   data required time
                                 -0.60   data arrival time
-----------------------------------------------------------------------------
                                  0.36   slack (MET)


Startpoint: _149_ (rising edge-triggered flip-flop clocked by clk)
Endpoint: _150_ (rising edge-triggered flip-flop clocked by clk)
Path Group: clk
Path Type: min

Fanout     Cap    Slew   Delay    Time   Description
-----------------------------------------------------------------------------
                  0.15    0.00    0.00   clock clk (rise edge)
                          0.00    0.00   clock network delay (ideal)
                  0.15    0.00    0.00 ^ _149_/CLK (sky130_fd_sc_hd__dfrtp_4)
                  0.10    0.46    0.46 ^ _149_/Q (sky130_fd_sc_hd__dfrtp_4)
     8    0.03                           net27 (net)
                  0.10    0.00    0.46 ^ _077_/B (sky130_fd_sc_hd__nand2b_2)
                  0.10    0.11    0.57 v _077_/Y (sky130_fd_sc_hd__nand2b_2)
     8    0.02                           _043_ (net)
                  0.10    0.00    0.57 v _082_/A (sky130_fd_sc_hd__nand2_1)
                  0.07    0.09    0.66 ^ _082_/Y (sky130_fd_sc_hd__nand2_1)
     2    0.01                           _001_ (net)
                  0.07    0.00    0.66 ^ _150_/D (sky130_fd_sc_hd__dfrtp_1)
                                  0.66   data arrival time

                  0.15    0.00    0.00   clock clk (rise edge)
                          0.00    0.00   clock network delay (ideal)
                          0.25    0.25   clock uncertainty
                          0.00    0.25   clock reconvergence pessimism
                                  0.25 ^ _150_/CLK (sky130_fd_sc_hd__dfrtp_1)
                         -0.02    0.23   library hold time
                                  0.23   data required time
-----------------------------------------------------------------------------
                                  0.23   data required time
                                 -0.66   data arrival time
-----------------------------------------------------------------------------
                                  0.43   slack (MET)


Startpoint: reset (input port clocked by clk)
Endpoint: _149_ (removal check against rising-edge clock clk)
Path Group: asynchronous
Path Type: min

Fanout     Cap    Slew   Delay    Time   Description
-----------------------------------------------------------------------------
                  0.15    0.00    0.00   clock clk (rise edge)
                          0.00    0.00   clock network delay (ideal)
                          5.00    5.00 v input external delay
                  0.01    0.00    5.00 v reset (in)
     1    0.00                           reset (net)
                  0.01    0.00    5.00 v input1/A (sky130_fd_sc_hd__clkbuf_2)
                  0.09    0.13    5.14 v input1/X (sky130_fd_sc_hd__clkbuf_2)
     4    0.02                           net1 (net)
                  0.09    0.00    5.14 v _087_/A (sky130_fd_sc_hd__inv_2)
                  0.03    0.06    5.19 ^ _087_/Y (sky130_fd_sc_hd__inv_2)
     1    0.00                           _004_ (net)
                  0.03    0.00    5.19 ^ _149_/RESET_B (sky130_fd_sc_hd__dfrtp_4)
                                  5.19   data arrival time

                  0.15    0.00    0.00   clock clk (rise edge)
                          0.00    0.00   clock network delay (ideal)
                          0.25    0.25   clock uncertainty
                          0.00    0.25   clock reconvergence pessimism
                                  0.25 ^ _149_/CLK (sky130_fd_sc_hd__dfrtp_4)
                          0.35    0.60   library removal time
                                  0.60   data required time
-----------------------------------------------------------------------------
                                  0.60   data required time
                                 -5.19   data arrival time
-----------------------------------------------------------------------------
                                  4.60   slack (MET)


Startpoint: reset (input port clocked by clk)
Endpoint: _150_ (removal check against rising-edge clock clk)
Path Group: asynchronous
Path Type: min

Fanout     Cap    Slew   Delay    Time   Description
-----------------------------------------------------------------------------
                  0.15    0.00    0.00   clock clk (rise edge)
                          0.00    0.00   clock network delay (ideal)
                          5.00    5.00 v input external delay
                  0.01    0.00    5.00 v reset (in)
     1    0.00                           reset (net)
                  0.01    0.00    5.00 v input1/A (sky130_fd_sc_hd__clkbuf_2)
                  0.09    0.13    5.14 v input1/X (sky130_fd_sc_hd__clkbuf_2)
     4    0.02                           net1 (net)
                  0.09    0.00    5.14 v _088_/A (sky130_fd_sc_hd__inv_2)
                  0.04    0.06    5.19 ^ _088_/Y (sky130_fd_sc_hd__inv_2)
     1    0.00                           _005_ (net)
                  0.04    0.00    5.19 ^ _150_/RESET_B (sky130_fd_sc_hd__dfrtp_1)
                                  5.19   data arrival time

                  0.15    0.00    0.00   clock clk (rise edge)
                          0.00    0.00   clock network delay (ideal)
                          0.25    0.25   clock uncertainty
                          0.00    0.25   clock reconvergence pessimism
                                  0.25 ^ _150_/CLK (sky130_fd_sc_hd__dfrtp_1)
                          0.35    0.60   library removal time
                                  0.60   data required time
-----------------------------------------------------------------------------
                                  0.60   data required time
                                 -5.19   data arrival time
-----------------------------------------------------------------------------
                                  4.60   slack (MET)


Startpoint: reset (input port clocked by clk)
Endpoint: _152_ (removal check against rising-edge clock clk)
Path Group: asynchronous
Path Type: min

Fanout     Cap    Slew   Delay    Time   Description
-----------------------------------------------------------------------------
                  0.15    0.00    0.00   clock clk (rise edge)
                          0.00    0.00   clock network delay (ideal)
                          5.00    5.00 v input external delay
                  0.01    0.00    5.00 v reset (in)
     1    0.00                           reset (net)
                  0.01    0.00    5.00 v input1/A (sky130_fd_sc_hd__clkbuf_2)
                  0.09    0.13    5.14 v input1/X (sky130_fd_sc_hd__clkbuf_2)
     4    0.02                           net1 (net)
                  0.09    0.00    5.14 v _090_/A (sky130_fd_sc_hd__inv_2)
                  0.04    0.06    5.19 ^ _090_/Y (sky130_fd_sc_hd__inv_2)
     1    0.00                           _007_ (net)
                  0.04    0.00    5.19 ^ _152_/RESET_B (sky130_fd_sc_hd__dfrtp_1)
                                  5.19   data arrival time

                  0.15    0.00    0.00   clock clk (rise edge)
                          0.00    0.00   clock network delay (ideal)
                          0.25    0.25   clock uncertainty
                          0.00    0.25   clock reconvergence pessimism
                                  0.25 ^ _152_/CLK (sky130_fd_sc_hd__dfrtp_1)
                          0.35    0.60   library removal time
                                  0.60   data required time
-----------------------------------------------------------------------------
                                  0.60   data required time
                                 -5.19   data arrival time
-----------------------------------------------------------------------------
                                  4.60   slack (MET)


Startpoint: reset (input port clocked by clk)
Endpoint: _151_ (removal check against rising-edge clock clk)
Path Group: asynchronous
Path Type: min

Fanout     Cap    Slew   Delay    Time   Description
-----------------------------------------------------------------------------
                  0.15    0.00    0.00   clock clk (rise edge)
                          0.00    0.00   clock network delay (ideal)
                          5.00    5.00 v input external delay
                  0.01    0.00    5.00 v reset (in)
     1    0.00                           reset (net)
                  0.01    0.00    5.00 v input1/A (sky130_fd_sc_hd__clkbuf_2)
                  0.09    0.13    5.14 v input1/X (sky130_fd_sc_hd__clkbuf_2)
     4    0.02                           net1 (net)
                  0.09    0.00    5.14 v _089_/A (sky130_fd_sc_hd__inv_2)
                  0.04    0.06    5.19 ^ _089_/Y (sky130_fd_sc_hd__inv_2)
     1    0.00                           _006_ (net)
                  0.04    0.00    5.19 ^ _151_/RESET_B (sky130_fd_sc_hd__dfrtp_1)
                                  5.19   data arrival time

                  0.15    0.00    0.00   clock clk (rise edge)
                          0.00    0.00   clock network delay (ideal)
                          0.25    0.25   clock uncertainty
                          0.00    0.25   clock reconvergence pessimism
                                  0.25 ^ _151_/CLK (sky130_fd_sc_hd__dfrtp_1)
                          0.35    0.60   library removal time
                                  0.60   data required time
-----------------------------------------------------------------------------
                                  0.60   data required time
                                 -5.19   data arrival time
-----------------------------------------------------------------------------
                                  4.60   slack (MET)


Startpoint: _154_ (rising edge-triggered flip-flop clocked by clk)
Endpoint: R3[1] (output port clocked by clk)
Path Group: clk
Path Type: min

Fanout     Cap    Slew   Delay    Time   Description
-----------------------------------------------------------------------------
                  0.15    0.00    0.00   clock clk (rise edge)
                          0.00    0.00   clock network delay (ideal)
                  0.15    0.00    0.00 ^ _154_/CLK (sky130_fd_sc_hd__dfxtp_1)
                  0.03    0.32    0.32 v _154_/Q (sky130_fd_sc_hd__dfxtp_1)
     2    0.00                           net15 (net)
                  0.03    0.00    0.32 v output15/A (sky130_fd_sc_hd__buf_2)
                  0.09    0.17    0.48 v output15/X (sky130_fd_sc_hd__buf_2)
     1    0.03                           R3[1] (net)
                  0.09    0.00    0.48 v R3[1] (out)
                                  0.48   data arrival time

                  0.15    0.00    0.00   clock clk (rise edge)
                          0.00    0.00   clock network delay (ideal)
                          0.25    0.25   clock uncertainty
                          0.00    0.25   clock reconvergence pessimism
                         -5.00   -4.75   output external delay
                                 -4.75   data required time
-----------------------------------------------------------------------------
                                 -4.75   data required time
                                 -0.48   data arrival time
-----------------------------------------------------------------------------
                                  5.23   slack (MET)


Startpoint: _156_ (rising edge-triggered flip-flop clocked by clk)
Endpoint: R3[3] (output port clocked by clk)
Path Group: clk
Path Type: min

Fanout     Cap    Slew   Delay    Time   Description
-----------------------------------------------------------------------------
                  0.15    0.00    0.00   clock clk (rise edge)
                          0.00    0.00   clock network delay (ideal)
                  0.15    0.00    0.00 ^ _156_/CLK (sky130_fd_sc_hd__dfxtp_1)
                  0.03    0.32    0.32 v _156_/Q (sky130_fd_sc_hd__dfxtp_1)
     2    0.00                           net17 (net)
                  0.03    0.00    0.32 v output17/A (sky130_fd_sc_hd__buf_2)
                  0.09    0.17    0.48 v output17/X (sky130_fd_sc_hd__buf_2)
     1    0.03                           R3[3] (net)
                  0.09    0.00    0.48 v R3[3] (out)
                                  0.48   data arrival time

                  0.15    0.00    0.00   clock clk (rise edge)
                          0.00    0.00   clock network delay (ideal)
                          0.25    0.25   clock uncertainty
                          0.00    0.25   clock reconvergence pessimism
                         -5.00   -4.75   output external delay
                                 -4.75   data required time
-----------------------------------------------------------------------------
                                 -4.75   data required time
                                 -0.48   data arrival time
-----------------------------------------------------------------------------
                                  5.23   slack (MET)


Startpoint: _155_ (rising edge-triggered flip-flop clocked by clk)
Endpoint: R3[2] (output port clocked by clk)
Path Group: clk
Path Type: min

Fanout     Cap    Slew   Delay    Time   Description
-----------------------------------------------------------------------------
                  0.15    0.00    0.00   clock clk (rise edge)
                          0.00    0.00   clock network delay (ideal)
                  0.15    0.00    0.00 ^ _155_/CLK (sky130_fd_sc_hd__dfxtp_1)
                  0.03    0.32    0.32 v _155_/Q (sky130_fd_sc_hd__dfxtp_1)
     2    0.00                           net16 (net)
                  0.03    0.00    0.32 v output16/A (sky130_fd_sc_hd__clkbuf_4)
                  0.08    0.17    0.49 v output16/X (sky130_fd_sc_hd__clkbuf_4)
     1    0.03                           R3[2] (net)
                  0.08    0.00    0.49 v R3[2] (out)
                                  0.49   data arrival time

                  0.15    0.00    0.00   clock clk (rise edge)
                          0.00    0.00   clock network delay (ideal)
                          0.25    0.25   clock uncertainty
                          0.00    0.25   clock reconvergence pessimism
                         -5.00   -4.75   output external delay
                                 -4.75   data required time
-----------------------------------------------------------------------------
                                 -4.75   data required time
                                 -0.49   data arrival time
-----------------------------------------------------------------------------
                                  5.24   slack (MET)


Startpoint: _153_ (rising edge-triggered flip-flop clocked by clk)
Endpoint: R3[0] (output port clocked by clk)
Path Group: clk
Path Type: min

Fanout     Cap    Slew   Delay    Time   Description
-----------------------------------------------------------------------------
                  0.15    0.00    0.00   clock clk (rise edge)
                          0.00    0.00   clock network delay (ideal)
                  0.15    0.00    0.00 ^ _153_/CLK (sky130_fd_sc_hd__dfxtp_1)
                  0.03    0.32    0.32 v _153_/Q (sky130_fd_sc_hd__dfxtp_1)
     2    0.00                           net14 (net)
                  0.03    0.00    0.32 v output14/A (sky130_fd_sc_hd__clkbuf_4)
                  0.08    0.17    0.49 v output14/X (sky130_fd_sc_hd__clkbuf_4)
     1    0.03                           R3[0] (net)
                  0.08    0.00    0.49 v R3[0] (out)
                                  0.49   data arrival time

                  0.15    0.00    0.00   clock clk (rise edge)
                          0.00    0.00   clock network delay (ideal)
                          0.25    0.25   clock uncertainty
                          0.00    0.25   clock reconvergence pessimism
                         -5.00   -4.75   output external delay
                                 -4.75   data required time
-----------------------------------------------------------------------------
                                 -4.75   data required time
                                 -0.49   data arrival time
-----------------------------------------------------------------------------
                                  5.24   slack (MET)


Startpoint: _158_ (rising edge-triggered flip-flop clocked by clk)
Endpoint: R2[1] (output port clocked by clk)
Path Group: clk
Path Type: min

Fanout     Cap    Slew   Delay    Time   Description
-----------------------------------------------------------------------------
                  0.15    0.00    0.00   clock clk (rise edge)
                          0.00    0.00   clock network delay (ideal)
                  0.15    0.00    0.00 ^ _158_/CLK (sky130_fd_sc_hd__dfxtp_1)
                  0.04    0.33    0.33 v _158_/Q (sky130_fd_sc_hd__dfxtp_1)
     3    0.01                           net11 (net)
                  0.04    0.00    0.33 v output11/A (sky130_fd_sc_hd__buf_2)
                  0.09    0.17    0.49 v output11/X (sky130_fd_sc_hd__buf_2)
     1    0.03                           R2[1] (net)
                  0.09    0.00    0.49 v R2[1] (out)
                                  0.49   data arrival time

                  0.15    0.00    0.00   clock clk (rise edge)
                          0.00    0.00   clock network delay (ideal)
                          0.25    0.25   clock uncertainty
                          0.00    0.25   clock reconvergence pessimism
                         -5.00   -4.75   output external delay
                                 -4.75   data required time
-----------------------------------------------------------------------------
                                 -4.75   data required time
                                 -0.49   data arrival time
-----------------------------------------------------------------------------
                                  5.24   slack (MET)


Startpoint: _164_ (rising edge-triggered flip-flop clocked by clk)
Endpoint: R1[3] (output port clocked by clk)
Path Group: clk
Path Type: min

Fanout     Cap    Slew   Delay    Time   Description
-----------------------------------------------------------------------------
                  0.15    0.00    0.00   clock clk (rise edge)
                          0.00    0.00   clock network delay (ideal)
                  0.15    0.00    0.00 ^ _164_/CLK (sky130_fd_sc_hd__dfxtp_1)
                  0.04    0.32    0.32 v _164_/Q (sky130_fd_sc_hd__dfxtp_1)
     3    0.01                           net9 (net)
                  0.04    0.00    0.32 v output9/A (sky130_fd_sc_hd__clkbuf_4)
                  0.08    0.17    0.50 v output9/X (sky130_fd_sc_hd__clkbuf_4)
     1    0.03                           R1[3] (net)
                  0.08    0.00    0.50 v R1[3] (out)
                                  0.50   data arrival time

                  0.15    0.00    0.00   clock clk (rise edge)
                          0.00    0.00   clock network delay (ideal)
                          0.25    0.25   clock uncertainty
                          0.00    0.25   clock reconvergence pessimism
                         -5.00   -4.75   output external delay
                                 -4.75   data required time
-----------------------------------------------------------------------------
                                 -4.75   data required time
                                 -0.50   data arrival time
-----------------------------------------------------------------------------
                                  5.25   slack (MET)


Startpoint: _163_ (rising edge-triggered flip-flop clocked by clk)
Endpoint: R1[2] (output port clocked by clk)
Path Group: clk
Path Type: min

Fanout     Cap    Slew   Delay    Time   Description
-----------------------------------------------------------------------------
                  0.15    0.00    0.00   clock clk (rise edge)
                          0.00    0.00   clock network delay (ideal)
                  0.15    0.00    0.00 ^ _163_/CLK (sky130_fd_sc_hd__dfxtp_1)
                  0.04    0.33    0.33 v _163_/Q (sky130_fd_sc_hd__dfxtp_1)
     3    0.01                           net8 (net)
                  0.04    0.00    0.33 v output8/A (sky130_fd_sc_hd__buf_2)
                  0.09    0.17    0.50 v output8/X (sky130_fd_sc_hd__buf_2)
     1    0.03                           R1[2] (net)
                  0.09    0.00    0.50 v R1[2] (out)
                                  0.50   data arrival time

                  0.15    0.00    0.00   clock clk (rise edge)
                          0.00    0.00   clock network delay (ideal)
                          0.25    0.25   clock uncertainty
                          0.00    0.25   clock reconvergence pessimism
                         -5.00   -4.75   output external delay
                                 -4.75   data required time
-----------------------------------------------------------------------------
                                 -4.75   data required time
                                 -0.50   data arrival time
-----------------------------------------------------------------------------
                                  5.25   slack (MET)


Startpoint: _162_ (rising edge-triggered flip-flop clocked by clk)
Endpoint: R1[1] (output port clocked by clk)
Path Group: clk
Path Type: min

Fanout     Cap    Slew   Delay    Time   Description
-----------------------------------------------------------------------------
                  0.15    0.00    0.00   clock clk (rise edge)
                          0.00    0.00   clock network delay (ideal)
                  0.15    0.00    0.00 ^ _162_/CLK (sky130_fd_sc_hd__dfxtp_1)
                  0.04    0.33    0.33 v _162_/Q (sky130_fd_sc_hd__dfxtp_1)
     3    0.01                           net7 (net)
                  0.04    0.00    0.33 v output7/A (sky130_fd_sc_hd__buf_2)
                  0.09    0.17    0.50 v output7/X (sky130_fd_sc_hd__buf_2)
     1    0.03                           R1[1] (net)
                  0.09    0.00    0.50 v R1[1] (out)
                                  0.50   data arrival time

                  0.15    0.00    0.00   clock clk (rise edge)
                          0.00    0.00   clock network delay (ideal)
                          0.25    0.25   clock uncertainty
                          0.00    0.25   clock reconvergence pessimism
                         -5.00   -4.75   output external delay
                                 -4.75   data required time
-----------------------------------------------------------------------------
                                 -4.75   data required time
                                 -0.50   data arrival time
-----------------------------------------------------------------------------
                                  5.25   slack (MET)


Startpoint: _157_ (rising edge-triggered flip-flop clocked by clk)
Endpoint: R2[0] (output port clocked by clk)
Path Group: clk
Path Type: min

Fanout     Cap    Slew   Delay    Time   Description
-----------------------------------------------------------------------------
                  0.15    0.00    0.00   clock clk (rise edge)
                          0.00    0.00   clock network delay (ideal)
                  0.15    0.00    0.00 ^ _157_/CLK (sky130_fd_sc_hd__dfxtp_1)
                  0.05    0.33    0.33 v _157_/Q (sky130_fd_sc_hd__dfxtp_1)
     3    0.01                           net10 (net)
                  0.05    0.00    0.33 v output10/A (sky130_fd_sc_hd__clkbuf_4)
                  0.08    0.17    0.50 v output10/X (sky130_fd_sc_hd__clkbuf_4)
     1    0.03                           R2[0] (net)
                  0.08    0.00    0.50 v R2[0] (out)
                                  0.50   data arrival time

                  0.15    0.00    0.00   clock clk (rise edge)
                          0.00    0.00   clock network delay (ideal)
                          0.25    0.25   clock uncertainty
                          0.00    0.25   clock reconvergence pessimism
                         -5.00   -4.75   output external delay
                                 -4.75   data required time
-----------------------------------------------------------------------------
                                 -4.75   data required time
                                 -0.50   data arrival time
-----------------------------------------------------------------------------
                                  5.25   slack (MET)


Startpoint: _161_ (rising edge-triggered flip-flop clocked by clk)
Endpoint: R1[0] (output port clocked by clk)
Path Group: clk
Path Type: min

Fanout     Cap    Slew   Delay    Time   Description
-----------------------------------------------------------------------------
                  0.15    0.00    0.00   clock clk (rise edge)
                          0.00    0.00   clock network delay (ideal)
                  0.15    0.00    0.00 ^ _161_/CLK (sky130_fd_sc_hd__dfxtp_1)
                  0.05    0.33    0.33 v _161_/Q (sky130_fd_sc_hd__dfxtp_1)
     3    0.01                           net6 (net)
                  0.05    0.00    0.33 v output6/A (sky130_fd_sc_hd__clkbuf_4)
                  0.08    0.17    0.51 v output6/X (sky130_fd_sc_hd__clkbuf_4)
     1    0.03                           R1[0] (net)
                  0.08    0.00    0.51 v R1[0] (out)
                                  0.51   data arrival time

                  0.15    0.00    0.00   clock clk (rise edge)
                          0.00    0.00   clock network delay (ideal)
                          0.25    0.25   clock uncertainty
                          0.00    0.25   clock reconvergence pessimism
                         -5.00   -4.75   output external delay
                                 -4.75   data required time
-----------------------------------------------------------------------------
                                 -4.75   data required time
                                 -0.51   data arrival time
-----------------------------------------------------------------------------
                                  5.26   slack (MET)


Startpoint: _159_ (rising edge-triggered flip-flop clocked by clk)
Endpoint: R2[2] (output port clocked by clk)
Path Group: clk
Path Type: min

Fanout     Cap    Slew   Delay    Time   Description
-----------------------------------------------------------------------------
                  0.15    0.00    0.00   clock clk (rise edge)
                          0.00    0.00   clock network delay (ideal)
                  0.15    0.00    0.00 ^ _159_/CLK (sky130_fd_sc_hd__dfxtp_1)
                  0.05    0.33    0.33 v _159_/Q (sky130_fd_sc_hd__dfxtp_1)
     3    0.01                           net12 (net)
                  0.05    0.00    0.33 v output12/A (sky130_fd_sc_hd__clkbuf_4)
                  0.08    0.18    0.51 v output12/X (sky130_fd_sc_hd__clkbuf_4)
     1    0.03                           R2[2] (net)
                  0.08    0.00    0.51 v R2[2] (out)
                                  0.51   data arrival time

                  0.15    0.00    0.00   clock clk (rise edge)
                          0.00    0.00   clock network delay (ideal)
                          0.25    0.25   clock uncertainty
                          0.00    0.25   clock reconvergence pessimism
                         -5.00   -4.75   output external delay
                                 -4.75   data required time
-----------------------------------------------------------------------------
                                 -4.75   data required time
                                 -0.51   data arrival time
-----------------------------------------------------------------------------
                                  5.26   slack (MET)


Startpoint: _160_ (rising edge-triggered flip-flop clocked by clk)
Endpoint: R2[3] (output port clocked by clk)
Path Group: clk
Path Type: min

Fanout     Cap    Slew   Delay    Time   Description
-----------------------------------------------------------------------------
                  0.15    0.00    0.00   clock clk (rise edge)
                          0.00    0.00   clock network delay (ideal)
                  0.15    0.00    0.00 ^ _160_/CLK (sky130_fd_sc_hd__dfxtp_1)
                  0.05    0.34    0.34 v _160_/Q (sky130_fd_sc_hd__dfxtp_1)
     3    0.01                           net13 (net)
                  0.05    0.00    0.34 v output13/A (sky130_fd_sc_hd__clkbuf_4)
                  0.08    0.18    0.51 v output13/X (sky130_fd_sc_hd__clkbuf_4)
     1    0.03                           R2[3] (net)
                  0.08    0.00    0.51 v R2[3] (out)
                                  0.51   data arrival time

                  0.15    0.00    0.00   clock clk (rise edge)
                          0.00    0.00   clock network delay (ideal)
                          0.25    0.25   clock uncertainty
                          0.00    0.25   clock reconvergence pessimism
                         -5.00   -4.75   output external delay
                                 -4.75   data required time
-----------------------------------------------------------------------------
                                 -4.75   data required time
                                 -0.51   data arrival time
-----------------------------------------------------------------------------
                                  5.26   slack (MET)


Startpoint: _166_ (rising edge-triggered flip-flop clocked by clk)
Endpoint: R0[1] (output port clocked by clk)
Path Group: clk
Path Type: min

Fanout     Cap    Slew   Delay    Time   Description
-----------------------------------------------------------------------------
                  0.15    0.00    0.00   clock clk (rise edge)
                          0.00    0.00   clock network delay (ideal)
                  0.15    0.00    0.00 ^ _166_/CLK (sky130_fd_sc_hd__dfxtp_1)
                  0.06    0.34    0.34 v _166_/Q (sky130_fd_sc_hd__dfxtp_1)
     5    0.01                           net3 (net)
                  0.06    0.00    0.34 v output3/A (sky130_fd_sc_hd__buf_2)
                  0.09    0.18    0.52 v output3/X (sky130_fd_sc_hd__buf_2)
     1    0.03                           R0[1] (net)
                  0.09    0.00    0.52 v R0[1] (out)
                                  0.52   data arrival time

                  0.15    0.00    0.00   clock clk (rise edge)
                          0.00    0.00   clock network delay (ideal)
                          0.25    0.25   clock uncertainty
                          0.00    0.25   clock reconvergence pessimism
                         -5.00   -4.75   output external delay
                                 -4.75   data required time
-----------------------------------------------------------------------------
                                 -4.75   data required time
                                 -0.52   data arrival time
-----------------------------------------------------------------------------
                                  5.27   slack (MET)


Startpoint: _168_ (rising edge-triggered flip-flop clocked by clk)
Endpoint: R0[3] (output port clocked by clk)
Path Group: clk
Path Type: min

Fanout     Cap    Slew   Delay    Time   Description
-----------------------------------------------------------------------------
                  0.15    0.00    0.00   clock clk (rise edge)
                          0.00    0.00   clock network delay (ideal)
                  0.15    0.00    0.00 ^ _168_/CLK (sky130_fd_sc_hd__dfxtp_1)
                  0.06    0.34    0.34 v _168_/Q (sky130_fd_sc_hd__dfxtp_1)
     5    0.01                           net5 (net)
                  0.06    0.00    0.34 v output5/A (sky130_fd_sc_hd__buf_2)
                  0.09    0.18    0.52 v output5/X (sky130_fd_sc_hd__buf_2)
     1    0.03                           R0[3] (net)
                  0.09    0.00    0.52 v R0[3] (out)
                                  0.52   data arrival time

                  0.15    0.00    0.00   clock clk (rise edge)
                          0.00    0.00   clock network delay (ideal)
                          0.25    0.25   clock uncertainty
                          0.00    0.25   clock reconvergence pessimism
                         -5.00   -4.75   output external delay
                                 -4.75   data required time
-----------------------------------------------------------------------------
                                 -4.75   data required time
                                 -0.52   data arrival time
-----------------------------------------------------------------------------
                                  5.27   slack (MET)


Startpoint: _167_ (rising edge-triggered flip-flop clocked by clk)
Endpoint: R0[2] (output port clocked by clk)
Path Group: clk
Path Type: min

Fanout     Cap    Slew   Delay    Time   Description
-----------------------------------------------------------------------------
                  0.15    0.00    0.00   clock clk (rise edge)
                          0.00    0.00   clock network delay (ideal)
                  0.15    0.00    0.00 ^ _167_/CLK (sky130_fd_sc_hd__dfxtp_1)
                  0.06    0.34    0.34 v _167_/Q (sky130_fd_sc_hd__dfxtp_1)
     5    0.01                           net4 (net)
                  0.06    0.00    0.34 v output4/A (sky130_fd_sc_hd__buf_2)
                  0.09    0.18    0.52 v output4/X (sky130_fd_sc_hd__buf_2)
     1    0.03                           R0[2] (net)
                  0.09    0.00    0.52 v R0[2] (out)
                                  0.52   data arrival time

                  0.15    0.00    0.00   clock clk (rise edge)
                          0.00    0.00   clock network delay (ideal)
                          0.25    0.25   clock uncertainty
                          0.00    0.25   clock reconvergence pessimism
                         -5.00   -4.75   output external delay
                                 -4.75   data required time
-----------------------------------------------------------------------------
                                 -4.75   data required time
                                 -0.52   data arrival time
-----------------------------------------------------------------------------
                                  5.27   slack (MET)


Startpoint: _165_ (rising edge-triggered flip-flop clocked by clk)
Endpoint: R0[0] (output port clocked by clk)
Path Group: clk
Path Type: min

Fanout     Cap    Slew   Delay    Time   Description
-----------------------------------------------------------------------------
                  0.15    0.00    0.00   clock clk (rise edge)
                          0.00    0.00   clock network delay (ideal)
                  0.15    0.00    0.00 ^ _165_/CLK (sky130_fd_sc_hd__dfxtp_1)
                  0.08    0.36    0.36 v _165_/Q (sky130_fd_sc_hd__dfxtp_1)
     7    0.02                           net2 (net)
                  0.08    0.00    0.36 v output2/A (sky130_fd_sc_hd__buf_2)
                  0.09    0.19    0.55 v output2/X (sky130_fd_sc_hd__buf_2)
     1    0.03                           R0[0] (net)
                  0.09    0.00    0.55 v R0[0] (out)
                                  0.55   data arrival time

                  0.15    0.00    0.00   clock clk (rise edge)
                          0.00    0.00   clock network delay (ideal)
                          0.25    0.25   clock uncertainty
                          0.00    0.25   clock reconvergence pessimism
                         -5.00   -4.75   output external delay
                                 -4.75   data required time
-----------------------------------------------------------------------------
                                 -4.75   data required time
                                 -0.55   data arrival time
-----------------------------------------------------------------------------
                                  5.30   slack (MET)


Startpoint: _151_ (rising edge-triggered flip-flop clocked by clk)
Endpoint: pc[2] (output port clocked by clk)
Path Group: clk
Path Type: min

Fanout     Cap    Slew   Delay    Time   Description
-----------------------------------------------------------------------------
                  0.15    0.00    0.00   clock clk (rise edge)
                          0.00    0.00   clock network delay (ideal)
                  0.15    0.00    0.00 ^ _151_/CLK (sky130_fd_sc_hd__dfrtp_1)
                  0.08    0.36    0.36 ^ _151_/Q (sky130_fd_sc_hd__dfrtp_1)
     3    0.01                           net29 (net)
                  0.08    0.00    0.36 ^ output29/A (sky130_fd_sc_hd__buf_2)
                  0.17    0.20    0.56 ^ output29/X (sky130_fd_sc_hd__buf_2)
     1    0.03                           pc[2] (net)
                  0.17    0.00    0.56 ^ pc[2] (out)
                                  0.56   data arrival time

                  0.15    0.00    0.00   clock clk (rise edge)
                          0.00    0.00   clock network delay (ideal)
                          0.25    0.25   clock uncertainty
                          0.00    0.25   clock reconvergence pessimism
                         -5.00   -4.75   output external delay
                                 -4.75   data required time
-----------------------------------------------------------------------------
                                 -4.75   data required time
                                 -0.56   data arrival time
-----------------------------------------------------------------------------
                                  5.31   slack (MET)


Startpoint: _152_ (rising edge-triggered flip-flop clocked by clk)
Endpoint: pc[3] (output port clocked by clk)
Path Group: clk
Path Type: min

Fanout     Cap    Slew   Delay    Time   Description
-----------------------------------------------------------------------------
                  0.15    0.00    0.00   clock clk (rise edge)
                          0.00    0.00   clock network delay (ideal)
                  0.15    0.00    0.00 ^ _152_/CLK (sky130_fd_sc_hd__dfrtp_1)
                  0.09    0.37    0.37 ^ _152_/Q (sky130_fd_sc_hd__dfrtp_1)
     2    0.01                           net30 (net)
                  0.09    0.00    0.37 ^ output30/A (sky130_fd_sc_hd__clkbuf_4)
                  0.11    0.19    0.56 ^ output30/X (sky130_fd_sc_hd__clkbuf_4)
     1    0.03                           pc[3] (net)
                  0.11    0.00    0.56 ^ pc[3] (out)
                                  0.56   data arrival time

                  0.15    0.00    0.00   clock clk (rise edge)
                          0.00    0.00   clock network delay (ideal)
                          0.25    0.25   clock uncertainty
                          0.00    0.25   clock reconvergence pessimism
                         -5.00   -4.75   output external delay
                                 -4.75   data required time
-----------------------------------------------------------------------------
                                 -4.75   data required time
                                 -0.56   data arrival time
-----------------------------------------------------------------------------
                                  5.31   slack (MET)


Startpoint: _150_ (rising edge-triggered flip-flop clocked by clk)
Endpoint: instr[5] (output port clocked by clk)
Path Group: clk
Path Type: min

Fanout     Cap    Slew   Delay    Time   Description
-----------------------------------------------------------------------------
                  0.15    0.00    0.00   clock clk (rise edge)
                          0.00    0.00   clock network delay (ideal)
                  0.15    0.00    0.00 ^ _150_/CLK (sky130_fd_sc_hd__dfrtp_1)
                  0.07    0.40    0.40 v _150_/Q (sky130_fd_sc_hd__dfrtp_1)
     3    0.01                           net24 (net)
                  0.07    0.00    0.41 v output24/A (sky130_fd_sc_hd__buf_2)
                  0.09    0.18    0.59 v output24/X (sky130_fd_sc_hd__buf_2)
     1    0.03                           instr[5] (net)
                  0.09    0.00    0.59 v instr[5] (out)
                                  0.59   data arrival time

                  0.15    0.00    0.00   clock clk (rise edge)
                          0.00    0.00   clock network delay (ideal)
                          0.25    0.25   clock uncertainty
                          0.00    0.25   clock reconvergence pessimism
                         -5.00   -4.75   output external delay
                                 -4.75   data required time
-----------------------------------------------------------------------------
                                 -4.75   data required time
                                 -0.59   data arrival time
-----------------------------------------------------------------------------
                                  5.34   slack (MET)


Startpoint: _149_ (rising edge-triggered flip-flop clocked by clk)
Endpoint: pc[0] (output port clocked by clk)
Path Group: clk
Path Type: min

Fanout     Cap    Slew   Delay    Time   Description
-----------------------------------------------------------------------------
                  0.15    0.00    0.00   clock clk (rise edge)
                          0.00    0.00   clock network delay (ideal)
                  0.15    0.00    0.00 ^ _149_/CLK (sky130_fd_sc_hd__dfrtp_4)
                  0.10    0.46    0.46 ^ _149_/Q (sky130_fd_sc_hd__dfrtp_4)
     8    0.03                           net27 (net)
                  0.10    0.00    0.46 ^ output27/A (sky130_fd_sc_hd__clkbuf_4)
                  0.11    0.20    0.66 ^ output27/X (sky130_fd_sc_hd__clkbuf_4)
     1    0.03                           pc[0] (net)
                  0.11    0.00    0.66 ^ pc[0] (out)
                                  0.66   data arrival time

                  0.15    0.00    0.00   clock clk (rise edge)
                          0.00    0.00   clock network delay (ideal)
                          0.25    0.25   clock uncertainty
                          0.00    0.25   clock reconvergence pessimism
                         -5.00   -4.75   output external delay
                                 -4.75   data required time
-----------------------------------------------------------------------------
                                 -4.75   data required time
                                 -0.66   data arrival time
-----------------------------------------------------------------------------
                                  5.41   slack (MET)


Startpoint: _150_ (rising edge-triggered flip-flop clocked by clk)
Endpoint: instr[0] (output port clocked by clk)
Path Group: clk
Path Type: min

Fanout     Cap    Slew   Delay    Time   Description
-----------------------------------------------------------------------------
                  0.15    0.00    0.00   clock clk (rise edge)
                          0.00    0.00   clock network delay (ideal)
                  0.15    0.00    0.00 ^ _150_/CLK (sky130_fd_sc_hd__dfrtp_1)
                  0.10    0.38    0.38 ^ _150_/Q (sky130_fd_sc_hd__dfrtp_1)
     3    0.01                           net24 (net)
                  0.10    0.00    0.38 ^ fanout31/A (sky130_fd_sc_hd__clkbuf_2)
                  0.14    0.18    0.56 ^ fanout31/X (sky130_fd_sc_hd__clkbuf_2)
    10    0.02                           net31 (net)
                  0.14    0.00    0.56 ^ _073_/A (sky130_fd_sc_hd__inv_2)
                  0.04    0.05    0.62 v _073_/Y (sky130_fd_sc_hd__inv_2)
     3    0.01                           net19 (net)
                  0.04    0.00    0.62 v output19/A (sky130_fd_sc_hd__buf_2)
                  0.09    0.17    0.79 v output19/X (sky130_fd_sc_hd__buf_2)
     1    0.03                           instr[0] (net)
                  0.09    0.00    0.79 v instr[0] (out)
                                  0.79   data arrival time

                  0.15    0.00    0.00   clock clk (rise edge)
                          0.00    0.00   clock network delay (ideal)
                          0.25    0.25   clock uncertainty
                          0.00    0.25   clock reconvergence pessimism
                         -5.00   -4.75   output external delay
                                 -4.75   data required time
-----------------------------------------------------------------------------
                                 -4.75   data required time
                                 -0.79   data arrival time
-----------------------------------------------------------------------------
                                  5.54   slack (MET)


Startpoint: _149_ (rising edge-triggered flip-flop clocked by clk)
Endpoint: halt (output port clocked by clk)
Path Group: clk
Path Type: min

Fanout     Cap    Slew   Delay    Time   Description
-----------------------------------------------------------------------------
                  0.15    0.00    0.00   clock clk (rise edge)
                          0.00    0.00   clock network delay (ideal)
                  0.15    0.00    0.00 ^ _149_/CLK (sky130_fd_sc_hd__dfrtp_4)
                  0.08    0.51    0.51 v _149_/Q (sky130_fd_sc_hd__dfrtp_4)
     8    0.02                           net27 (net)
                  0.08    0.00    0.51 v _072_/A (sky130_fd_sc_hd__inv_2)
                  0.05    0.07    0.58 ^ _072_/Y (sky130_fd_sc_hd__inv_2)
     2    0.01                           _000_ (net)
                  0.05    0.00    0.58 ^ _074_/A (sky130_fd_sc_hd__nor2_2)
                  0.04    0.05    0.63 v _074_/Y (sky130_fd_sc_hd__nor2_2)
     4    0.01                           net18 (net)
                  0.04    0.00    0.63 v output18/A (sky130_fd_sc_hd__clkbuf_4)
                  0.08    0.17    0.81 v output18/X (sky130_fd_sc_hd__clkbuf_4)
     1    0.03                           halt (net)
                  0.08    0.00    0.81 v halt (out)
                                  0.81   data arrival time

                  0.15    0.00    0.00   clock clk (rise edge)
                          0.00    0.00   clock network delay (ideal)
                          0.25    0.25   clock uncertainty
                          0.00    0.25   clock reconvergence pessimism
                         -5.00   -4.75   output external delay
                                 -4.75   data required time
-----------------------------------------------------------------------------
                                 -4.75   data required time
                                 -0.81   data arrival time
-----------------------------------------------------------------------------
                                  5.56   slack (MET)


Startpoint: _150_ (rising edge-triggered flip-flop clocked by clk)
Endpoint: pc[1] (output port clocked by clk)
Path Group: clk
Path Type: min

Fanout     Cap    Slew   Delay    Time   Description
-----------------------------------------------------------------------------
                  0.15    0.00    0.00   clock clk (rise edge)
                          0.00    0.00   clock network delay (ideal)
                  0.15    0.00    0.00 ^ _150_/CLK (sky130_fd_sc_hd__dfrtp_1)
                  0.07    0.40    0.40 v _150_/Q (sky130_fd_sc_hd__dfrtp_1)
     3    0.01                           net24 (net)
                  0.07    0.00    0.41 v fanout31/A (sky130_fd_sc_hd__clkbuf_2)
                  0.09    0.16    0.57 v fanout31/X (sky130_fd_sc_hd__clkbuf_2)
    10    0.02                           net31 (net)
                  0.09    0.00    0.57 v _172_/A (sky130_fd_sc_hd__clkbuf_1)
                  0.02    0.10    0.67 v _172_/X (sky130_fd_sc_hd__clkbuf_1)
     1    0.00                           net28 (net)
                  0.02    0.00    0.67 v output28/A (sky130_fd_sc_hd__buf_2)
                  0.09    0.16    0.83 v output28/X (sky130_fd_sc_hd__buf_2)
     1    0.03                           pc[1] (net)
                  0.09    0.00    0.83 v pc[1] (out)
                                  0.83   data arrival time

                  0.15    0.00    0.00   clock clk (rise edge)
                          0.00    0.00   clock network delay (ideal)
                          0.25    0.25   clock uncertainty
                          0.00    0.25   clock reconvergence pessimism
                         -5.00   -4.75   output external delay
                                 -4.75   data required time
-----------------------------------------------------------------------------
                                 -4.75   data required time
                                 -0.83   data arrival time
-----------------------------------------------------------------------------
                                  5.58   slack (MET)


Startpoint: _149_ (rising edge-triggered flip-flop clocked by clk)
Endpoint: instr[1] (output port clocked by clk)
Path Group: clk
Path Type: min

Fanout     Cap    Slew   Delay    Time   Description
-----------------------------------------------------------------------------
                  0.15    0.00    0.00   clock clk (rise edge)
                          0.00    0.00   clock network delay (ideal)
                  0.15    0.00    0.00 ^ _149_/CLK (sky130_fd_sc_hd__dfrtp_4)
                  0.10    0.46    0.46 ^ _149_/Q (sky130_fd_sc_hd__dfrtp_4)
     8    0.03                           net27 (net)
                  0.10    0.00    0.46 ^ _075_/A (sky130_fd_sc_hd__or2_1)
                  0.15    0.18    0.64 ^ _075_/X (sky130_fd_sc_hd__or2_1)
     5    0.02                           _042_ (net)
                  0.15    0.00    0.64 ^ _076_/A (sky130_fd_sc_hd__inv_2)
                  0.04    0.06    0.69 v _076_/Y (sky130_fd_sc_hd__inv_2)
     4    0.01                           net20 (net)
                  0.04    0.00    0.70 v output20/A (sky130_fd_sc_hd__buf_2)
                  0.09    0.17    0.87 v output20/X (sky130_fd_sc_hd__buf_2)
     1    0.03                           instr[1] (net)
                  0.09    0.00    0.87 v instr[1] (out)
                                  0.87   data arrival time

                  0.15    0.00    0.00   clock clk (rise edge)
                          0.00    0.00   clock network delay (ideal)
                          0.25    0.25   clock uncertainty
                          0.00    0.25   clock reconvergence pessimism
                         -5.00   -4.75   output external delay
                                 -4.75   data required time
-----------------------------------------------------------------------------
                                 -4.75   data required time
                                 -0.87   data arrival time
-----------------------------------------------------------------------------
                                  5.62   slack (MET)


Startpoint: _149_ (rising edge-triggered flip-flop clocked by clk)
Endpoint: instr[4] (output port clocked by clk)
Path Group: clk
Path Type: min

Fanout     Cap    Slew   Delay    Time   Description
-----------------------------------------------------------------------------
                  0.15    0.00    0.00   clock clk (rise edge)
                          0.00    0.00   clock network delay (ideal)
                  0.15    0.00    0.00 ^ _149_/CLK (sky130_fd_sc_hd__dfrtp_4)
                  0.10    0.46    0.46 ^ _149_/Q (sky130_fd_sc_hd__dfrtp_4)
     8    0.03                           net27 (net)
                  0.10    0.00    0.46 ^ _077_/B (sky130_fd_sc_hd__nand2b_2)
                  0.10    0.11    0.57 v _077_/Y (sky130_fd_sc_hd__nand2b_2)
     8    0.02                           _043_ (net)
                  0.10    0.00    0.57 v _078_/A (sky130_fd_sc_hd__inv_2)
                  0.08    0.10    0.67 ^ _078_/Y (sky130_fd_sc_hd__inv_2)
     5    0.02                           net23 (net)
                  0.08    0.00    0.67 ^ output23/A (sky130_fd_sc_hd__buf_2)
                  0.17    0.20    0.87 ^ output23/X (sky130_fd_sc_hd__buf_2)
     1    0.03                           instr[4] (net)
                  0.17    0.00    0.87 ^ instr[4] (out)
                                  0.87   data arrival time

                  0.15    0.00    0.00   clock clk (rise edge)
                          0.00    0.00   clock network delay (ideal)
                          0.25    0.25   clock uncertainty
                          0.00    0.25   clock reconvergence pessimism
                         -5.00   -4.75   output external delay
                                 -4.75   data required time
-----------------------------------------------------------------------------
                                 -4.75   data required time
                                 -0.87   data arrival time
-----------------------------------------------------------------------------
                                  5.62   slack (MET)


Startpoint: _149_ (rising edge-triggered flip-flop clocked by clk)
Endpoint: instr[7] (output port clocked by clk)
Path Group: clk
Path Type: min

Fanout     Cap    Slew   Delay    Time   Description
-----------------------------------------------------------------------------
                  0.15    0.00    0.00   clock clk (rise edge)
                          0.00    0.00   clock network delay (ideal)
                  0.15    0.00    0.00 ^ _149_/CLK (sky130_fd_sc_hd__dfrtp_4)
                  0.08    0.51    0.51 v _149_/Q (sky130_fd_sc_hd__dfrtp_4)
     8    0.02                           net27 (net)
                  0.08    0.00    0.51 v _072_/A (sky130_fd_sc_hd__inv_2)
                  0.05    0.07    0.58 ^ _072_/Y (sky130_fd_sc_hd__inv_2)
     2    0.01                           _000_ (net)
                  0.05    0.00    0.58 ^ _074_/A (sky130_fd_sc_hd__nor2_2)
                  0.04    0.05    0.63 v _074_/Y (sky130_fd_sc_hd__nor2_2)
     4    0.01                           net18 (net)
                  0.04    0.00    0.63 v _171_/A (sky130_fd_sc_hd__clkbuf_1)
                  0.02    0.08    0.71 v _171_/X (sky130_fd_sc_hd__clkbuf_1)
     1    0.00                           net26 (net)
                  0.02    0.00    0.71 v output26/A (sky130_fd_sc_hd__clkbuf_4)
                  0.08    0.17    0.88 v output26/X (sky130_fd_sc_hd__clkbuf_4)
     1    0.03                           instr[7] (net)
                  0.08    0.00    0.88 v instr[7] (out)
                                  0.88   data arrival time

                  0.15    0.00    0.00   clock clk (rise edge)
                          0.00    0.00   clock network delay (ideal)
                          0.25    0.25   clock uncertainty
                          0.00    0.25   clock reconvergence pessimism
                         -5.00   -4.75   output external delay
                                 -4.75   data required time
-----------------------------------------------------------------------------
                                 -4.75   data required time
                                 -0.88   data arrival time
-----------------------------------------------------------------------------
                                  5.63   slack (MET)


Startpoint: _149_ (rising edge-triggered flip-flop clocked by clk)
Endpoint: instr[6] (output port clocked by clk)
Path Group: clk
Path Type: min

Fanout     Cap    Slew   Delay    Time   Description
-----------------------------------------------------------------------------
                  0.15    0.00    0.00   clock clk (rise edge)
                          0.00    0.00   clock network delay (ideal)
                  0.15    0.00    0.00 ^ _149_/CLK (sky130_fd_sc_hd__dfrtp_4)
                  0.08    0.51    0.51 v _149_/Q (sky130_fd_sc_hd__dfrtp_4)
     8    0.02                           net27 (net)
                  0.08    0.00    0.51 v _072_/A (sky130_fd_sc_hd__inv_2)
                  0.05    0.07    0.58 ^ _072_/Y (sky130_fd_sc_hd__inv_2)
     2    0.01                           _000_ (net)
                  0.05    0.00    0.58 ^ _074_/A (sky130_fd_sc_hd__nor2_2)
                  0.04    0.05    0.63 v _074_/Y (sky130_fd_sc_hd__nor2_2)
     4    0.01                           net18 (net)
                  0.04    0.00    0.63 v _170_/A (sky130_fd_sc_hd__clkbuf_1)
                  0.03    0.08    0.71 v _170_/X (sky130_fd_sc_hd__clkbuf_1)
     1    0.00                           net25 (net)
                  0.03    0.00    0.71 v output25/A (sky130_fd_sc_hd__buf_2)
                  0.09    0.16    0.88 v output25/X (sky130_fd_sc_hd__buf_2)
     1    0.03                           instr[6] (net)
                  0.09    0.00    0.88 v instr[6] (out)
                                  0.88   data arrival time

                  0.15    0.00    0.00   clock clk (rise edge)
                          0.00    0.00   clock network delay (ideal)
                          0.25    0.25   clock uncertainty
                          0.00    0.25   clock reconvergence pessimism
                         -5.00   -4.75   output external delay
                                 -4.75   data required time
-----------------------------------------------------------------------------
                                 -4.75   data required time
                                 -0.88   data arrival time
-----------------------------------------------------------------------------
                                  5.63   slack (MET)


Startpoint: _149_ (rising edge-triggered flip-flop clocked by clk)
Endpoint: instr[2] (output port clocked by clk)
Path Group: clk
Path Type: min

Fanout     Cap    Slew   Delay    Time   Description
-----------------------------------------------------------------------------
                  0.15    0.00    0.00   clock clk (rise edge)
                          0.00    0.00   clock network delay (ideal)
                  0.15    0.00    0.00 ^ _149_/CLK (sky130_fd_sc_hd__dfrtp_4)
                  0.10    0.46    0.46 ^ _149_/Q (sky130_fd_sc_hd__dfrtp_4)
     8    0.03                           net27 (net)
                  0.10    0.00    0.46 ^ _077_/B (sky130_fd_sc_hd__nand2b_2)
                  0.10    0.11    0.57 v _077_/Y (sky130_fd_sc_hd__nand2b_2)
     8    0.02                           _043_ (net)
                  0.10    0.00    0.57 v _078_/A (sky130_fd_sc_hd__inv_2)
                  0.08    0.10    0.67 ^ _078_/Y (sky130_fd_sc_hd__inv_2)
     5    0.02                           net23 (net)
                  0.08    0.00    0.67 ^ _169_/A (sky130_fd_sc_hd__clkbuf_1)
                  0.04    0.08    0.75 ^ _169_/X (sky130_fd_sc_hd__clkbuf_1)
     1    0.00                           net21 (net)
                  0.04    0.00    0.75 ^ output21/A (sky130_fd_sc_hd__clkbuf_4)
                  0.11    0.18    0.93 ^ output21/X (sky130_fd_sc_hd__clkbuf_4)
     1    0.03                           instr[2] (net)
                  0.11    0.00    0.93 ^ instr[2] (out)
                                  0.93   data arrival time

                  0.15    0.00    0.00   clock clk (rise edge)
                          0.00    0.00   clock network delay (ideal)
                          0.25    0.25   clock uncertainty
                          0.00    0.25   clock reconvergence pessimism
                         -5.00   -4.75   output external delay
                                 -4.75   data required time
-----------------------------------------------------------------------------
                                 -4.75   data required time
                                 -0.93   data arrival time
-----------------------------------------------------------------------------
                                  5.68   slack (MET)


Startpoint: _149_ (rising edge-triggered flip-flop clocked by clk)
Endpoint: instr[3] (output port clocked by clk)
Path Group: clk
Path Type: min

Fanout     Cap    Slew   Delay    Time   Description
-----------------------------------------------------------------------------
                  0.15    0.00    0.00   clock clk (rise edge)
                          0.00    0.00   clock network delay (ideal)
                  0.15    0.00    0.00 ^ _149_/CLK (sky130_fd_sc_hd__dfrtp_4)
                  0.10    0.46    0.46 ^ _149_/Q (sky130_fd_sc_hd__dfrtp_4)
     8    0.03                           net27 (net)
                  0.10    0.00    0.46 ^ _079_/A (sky130_fd_sc_hd__or2b_1)
                  0.05    0.11    0.57 ^ _079_/X (sky130_fd_sc_hd__or2b_1)
     2    0.00                           _044_ (net)
                  0.05    0.00    0.57 ^ _080_/A (sky130_fd_sc_hd__buf_2)
                  0.15    0.17    0.74 ^ _080_/X (sky130_fd_sc_hd__buf_2)
    10    0.03                           _045_ (net)
                  0.15    0.00    0.74 ^ _081_/A (sky130_fd_sc_hd__inv_2)
                  0.05    0.07    0.81 v _081_/Y (sky130_fd_sc_hd__inv_2)
     4    0.01                           net22 (net)
                  0.05    0.00    0.81 v output22/A (sky130_fd_sc_hd__buf_2)
                  0.09    0.17    0.98 v output22/X (sky130_fd_sc_hd__buf_2)
     1    0.03                           instr[3] (net)
                  0.09    0.00    0.98 v instr[3] (out)
                                  0.98   data arrival time

                  0.15    0.00    0.00   clock clk (rise edge)
                          0.00    0.00   clock network delay (ideal)
                          0.25    0.25   clock uncertainty
                          0.00    0.25   clock reconvergence pessimism
                         -5.00   -4.75   output external delay
                                 -4.75   data required time
-----------------------------------------------------------------------------
                                 -4.75   data required time
                                 -0.98   data arrival time
-----------------------------------------------------------------------------
                                  5.73   slack (MET)



