
===========================================================================
report_checks -unconstrained
===========================================================================
======================= Fastest Corner ===================================

Startpoint: reset (input port clocked by clk)
Endpoint: _149_ (recovery check against rising-edge clock clk)
Path Group: asynchronous
Path Type: max
Corner: Fastest

Fanout     Cap    Slew   Delay    Time   Description
-----------------------------------------------------------------------------
                          0.00    0.00   clock clk (rise edge)
                          0.00    0.00   clock network delay (propagated)
                          5.00    5.00 v input external delay
                  0.00    0.00    5.00 v reset (in)
     1    0.00                           reset (net)
                  0.00    0.00    5.00 v input1/A (sky130_fd_sc_hd__clkbuf_2)
                  0.08    0.11    5.11 v input1/X (sky130_fd_sc_hd__clkbuf_2)
     4    0.03                           net1 (net)
                  0.08    0.00    5.12 v _087_/A (sky130_fd_sc_hd__inv_2)
                  0.03    0.05    5.16 ^ _087_/Y (sky130_fd_sc_hd__inv_2)
     1    0.00                           _004_ (net)
                  0.03    0.00    5.16 ^ _149_/RESET_B (sky130_fd_sc_hd__dfrtp_4)
                                  5.16   data arrival time

                         25.00   25.00   clock clk (rise edge)
                          0.00   25.00   clock source latency
                  0.06    0.04   25.04 ^ clk (in)
     1    0.02                           clk (net)
                  0.06    0.00   25.04 ^ clkbuf_0_clk/A (sky130_fd_sc_hd__clkbuf_16)
                  0.03    0.09   25.13 ^ clkbuf_0_clk/X (sky130_fd_sc_hd__clkbuf_16)
     2    0.02                           clknet_0_clk (net)
                  0.03    0.00   25.13 ^ clkbuf_1_1__f_clk/A (sky130_fd_sc_hd__clkbuf_16)
                  0.04    0.09   25.21 ^ clkbuf_1_1__f_clk/X (sky130_fd_sc_hd__clkbuf_16)
     9    0.03                           clknet_1_1__leaf_clk (net)
                  0.04    0.00   25.22 ^ _149_/CLK (sky130_fd_sc_hd__dfrtp_4)
                         -0.25   24.97   clock uncertainty
                          0.00   24.97   clock reconvergence pessimism
                          0.13   25.10   library recovery time
                                 25.10   data required time
-----------------------------------------------------------------------------
                                 25.10   data required time
                                 -5.16   data arrival time
-----------------------------------------------------------------------------
                                 19.93   slack (MET)


Startpoint: _149_ (rising edge-triggered flip-flop clocked by clk)
Endpoint: instr[7] (output port clocked by clk)
Path Group: clk
Path Type: max
Corner: Fastest

Fanout     Cap    Slew   Delay    Time   Description
-----------------------------------------------------------------------------
                          0.00    0.00   clock clk (rise edge)
                          0.00    0.00   clock source latency
                  0.06    0.04    0.04 ^ clk (in)
     1    0.02                           clk (net)
                  0.06    0.00    0.04 ^ clkbuf_0_clk/A (sky130_fd_sc_hd__clkbuf_16)
                  0.03    0.10    0.14 ^ clkbuf_0_clk/X (sky130_fd_sc_hd__clkbuf_16)
     2    0.02                           clknet_0_clk (net)
                  0.03    0.00    0.14 ^ clkbuf_1_1__f_clk/A (sky130_fd_sc_hd__clkbuf_16)
                  0.04    0.10    0.24 ^ clkbuf_1_1__f_clk/X (sky130_fd_sc_hd__clkbuf_16)
     9    0.03                           clknet_1_1__leaf_clk (net)
                  0.04    0.00    0.24 ^ _149_/CLK (sky130_fd_sc_hd__dfrtp_4)
                  0.08    0.31    0.55 ^ _149_/Q (sky130_fd_sc_hd__dfrtp_4)
     8    0.03                           net27 (net)
                  0.08    0.00    0.55 ^ hold9/A (sky130_fd_sc_hd__dlygate4sd3_1)
                  0.05    0.41    0.96 ^ hold9/X (sky130_fd_sc_hd__dlygate4sd3_1)
     1    0.01                           net40 (net)
                  0.05    0.00    0.96 ^ _072_/A (sky130_fd_sc_hd__inv_2)
                  0.02    0.02    0.99 v _072_/Y (sky130_fd_sc_hd__inv_2)
     2    0.01                           _000_ (net)
                  0.02    0.00    0.99 v _074_/A (sky130_fd_sc_hd__nor2_2)
                  0.19    0.17    1.16 ^ _074_/Y (sky130_fd_sc_hd__nor2_2)
     4    0.02                           net18 (net)
                  0.19    0.00    1.16 ^ _171_/A (sky130_fd_sc_hd__clkbuf_1)
                  0.04    0.07    1.23 ^ _171_/X (sky130_fd_sc_hd__clkbuf_1)
     1    0.00                           net26 (net)
                  0.04    0.00    1.23 ^ output26/A (sky130_fd_sc_hd__clkbuf_4)
                  0.08    0.13    1.36 ^ output26/X (sky130_fd_sc_hd__clkbuf_4)
     1    0.03                           instr[7] (net)
                  0.08    0.00    1.37 ^ instr[7] (out)
                                  1.37   data arrival time

                         25.00   25.00   clock clk (rise edge)
                          0.00   25.00   clock network delay (propagated)
                         -0.25   24.75   clock uncertainty
                          0.00   24.75   clock reconvergence pessimism
                         -5.00   19.75   output external delay
                                 19.75   data required time
-----------------------------------------------------------------------------
                                 19.75   data required time
                                 -1.37   data arrival time
-----------------------------------------------------------------------------
                                 18.38   slack (MET)



======================= Slowest Corner ===================================

Startpoint: reset (input port clocked by clk)
Endpoint: _149_ (recovery check against rising-edge clock clk)
Path Group: asynchronous
Path Type: max
Corner: Slowest

Fanout     Cap    Slew   Delay    Time   Description
-----------------------------------------------------------------------------
                          0.00    0.00   clock clk (rise edge)
                          0.00    0.00   clock network delay (propagated)
                          5.00    5.00 v input external delay
                  0.02    0.01    5.01 v reset (in)
     1    0.00                           reset (net)
                  0.02    0.00    5.01 v input1/A (sky130_fd_sc_hd__clkbuf_2)
                  0.21    0.30    5.31 v input1/X (sky130_fd_sc_hd__clkbuf_2)
     4    0.03                           net1 (net)
                  0.21    0.00    5.31 v _087_/A (sky130_fd_sc_hd__inv_2)
                  0.07    0.13    5.44 ^ _087_/Y (sky130_fd_sc_hd__inv_2)
     1    0.00                           _004_ (net)
                  0.07    0.00    5.44 ^ _149_/RESET_B (sky130_fd_sc_hd__dfrtp_4)
                                  5.44   data arrival time

                         25.00   25.00   clock clk (rise edge)
                          0.00   25.00   clock source latency
                  0.12    0.08   25.08 ^ clk (in)
     1    0.02                           clk (net)
                  0.12    0.00   25.08 ^ clkbuf_0_clk/A (sky130_fd_sc_hd__clkbuf_16)
                  0.07    0.24   25.31 ^ clkbuf_0_clk/X (sky130_fd_sc_hd__clkbuf_16)
     2    0.02                           clknet_0_clk (net)
                  0.07    0.00   25.32 ^ clkbuf_1_1__f_clk/A (sky130_fd_sc_hd__clkbuf_16)
                  0.08    0.22   25.54 ^ clkbuf_1_1__f_clk/X (sky130_fd_sc_hd__clkbuf_16)
     9    0.03                           clknet_1_1__leaf_clk (net)
                  0.08    0.00   25.54 ^ _149_/CLK (sky130_fd_sc_hd__dfrtp_4)
                         -0.25   25.29   clock uncertainty
                          0.00   25.29   clock reconvergence pessimism
                          0.45   25.74   library recovery time
                                 25.74   data required time
-----------------------------------------------------------------------------
                                 25.74   data required time
                                 -5.44   data arrival time
-----------------------------------------------------------------------------
                                 20.30   slack (MET)


Startpoint: _149_ (rising edge-triggered flip-flop clocked by clk)
Endpoint: instr[7] (output port clocked by clk)
Path Group: clk
Path Type: max
Corner: Slowest

Fanout     Cap    Slew   Delay    Time   Description
-----------------------------------------------------------------------------
                          0.00    0.00   clock clk (rise edge)
                          0.00    0.00   clock source latency
                  0.12    0.09    0.09 ^ clk (in)
     1    0.02                           clk (net)
                  0.12    0.00    0.09 ^ clkbuf_0_clk/A (sky130_fd_sc_hd__clkbuf_16)
                  0.07    0.26    0.35 ^ clkbuf_0_clk/X (sky130_fd_sc_hd__clkbuf_16)
     2    0.02                           clknet_0_clk (net)
                  0.07    0.00    0.35 ^ clkbuf_1_1__f_clk/A (sky130_fd_sc_hd__clkbuf_16)
                  0.08    0.24    0.59 ^ clkbuf_1_1__f_clk/X (sky130_fd_sc_hd__clkbuf_16)
     9    0.03                           clknet_1_1__leaf_clk (net)
                  0.08    0.00    0.59 ^ _149_/CLK (sky130_fd_sc_hd__dfrtp_4)
                  0.19    0.96    1.56 ^ _149_/Q (sky130_fd_sc_hd__dfrtp_4)
     8    0.03                           net27 (net)
                  0.19    0.00    1.56 ^ hold9/A (sky130_fd_sc_hd__dlygate4sd3_1)
                  0.12    1.18    2.74 ^ hold9/X (sky130_fd_sc_hd__dlygate4sd3_1)
     1    0.01                           net40 (net)
                  0.12    0.00    2.74 ^ _072_/A (sky130_fd_sc_hd__inv_2)
                  0.05    0.09    2.83 v _072_/Y (sky130_fd_sc_hd__inv_2)
     2    0.01                           _000_ (net)
                  0.05    0.00    2.84 v _074_/A (sky130_fd_sc_hd__nor2_2)
                  0.43    0.41    3.25 ^ _074_/Y (sky130_fd_sc_hd__nor2_2)
     4    0.02                           net18 (net)
                  0.43    0.00    3.25 ^ _171_/A (sky130_fd_sc_hd__clkbuf_1)
                  0.08    0.29    3.54 ^ _171_/X (sky130_fd_sc_hd__clkbuf_1)
     1    0.00                           net26 (net)
                  0.08    0.00    3.54 ^ output26/A (sky130_fd_sc_hd__clkbuf_4)
                  0.18    0.35    3.89 ^ output26/X (sky130_fd_sc_hd__clkbuf_4)
     1    0.03                           instr[7] (net)
                  0.18    0.00    3.90 ^ instr[7] (out)
                                  3.90   data arrival time

                         25.00   25.00   clock clk (rise edge)
                          0.00   25.00   clock network delay (propagated)
                         -0.25   24.75   clock uncertainty
                          0.00   24.75   clock reconvergence pessimism
                         -5.00   19.75   output external delay
                                 19.75   data required time
-----------------------------------------------------------------------------
                                 19.75   data required time
                                 -3.90   data arrival time
-----------------------------------------------------------------------------
                                 15.85   slack (MET)



======================= Typical Corner ===================================

Startpoint: reset (input port clocked by clk)
Endpoint: _149_ (recovery check against rising-edge clock clk)
Path Group: asynchronous
Path Type: max
Corner: Typical

Fanout     Cap    Slew   Delay    Time   Description
-----------------------------------------------------------------------------
                          0.00    0.00   clock clk (rise edge)
                          0.00    0.00   clock network delay (propagated)
                          5.00    5.00 v input external delay
                  0.01    0.00    5.00 v reset (in)
     1    0.00                           reset (net)
                  0.01    0.00    5.00 v input1/A (sky130_fd_sc_hd__clkbuf_2)
                  0.11    0.16    5.17 v input1/X (sky130_fd_sc_hd__clkbuf_2)
     4    0.03                           net1 (net)
                  0.11    0.00    5.17 v _087_/A (sky130_fd_sc_hd__inv_2)
                  0.04    0.07    5.25 ^ _087_/Y (sky130_fd_sc_hd__inv_2)
     1    0.00                           _004_ (net)
                  0.04    0.00    5.25 ^ _149_/RESET_B (sky130_fd_sc_hd__dfrtp_4)
                                  5.25   data arrival time

                         25.00   25.00   clock clk (rise edge)
                          0.00   25.00   clock source latency
                  0.08    0.05   25.05 ^ clk (in)
     1    0.02                           clk (net)
                  0.08    0.00   25.05 ^ clkbuf_0_clk/A (sky130_fd_sc_hd__clkbuf_16)
                  0.04    0.13   25.18 ^ clkbuf_0_clk/X (sky130_fd_sc_hd__clkbuf_16)
     2    0.02                           clknet_0_clk (net)
                  0.04    0.00   25.18 ^ clkbuf_1_1__f_clk/A (sky130_fd_sc_hd__clkbuf_16)
                  0.05    0.13   25.31 ^ clkbuf_1_1__f_clk/X (sky130_fd_sc_hd__clkbuf_16)
     9    0.03                           clknet_1_1__leaf_clk (net)
                  0.05    0.00   25.31 ^ _149_/CLK (sky130_fd_sc_hd__dfrtp_4)
                         -0.25   25.06   clock uncertainty
                          0.00   25.06   clock reconvergence pessimism
                          0.22   25.28   library recovery time
                                 25.28   data required time
-----------------------------------------------------------------------------
                                 25.28   data required time
                                 -5.25   data arrival time
-----------------------------------------------------------------------------
                                 20.04   slack (MET)


Startpoint: _149_ (rising edge-triggered flip-flop clocked by clk)
Endpoint: instr[7] (output port clocked by clk)
Path Group: clk
Path Type: max
Corner: Typical

Fanout     Cap    Slew   Delay    Time   Description
-----------------------------------------------------------------------------
                          0.00    0.00   clock clk (rise edge)
                          0.00    0.00   clock source latency
                  0.08    0.06    0.06 ^ clk (in)
     1    0.02                           clk (net)
                  0.08    0.00    0.06 ^ clkbuf_0_clk/A (sky130_fd_sc_hd__clkbuf_16)
                  0.04    0.15    0.20 ^ clkbuf_0_clk/X (sky130_fd_sc_hd__clkbuf_16)
     2    0.02                           clknet_0_clk (net)
                  0.04    0.00    0.20 ^ clkbuf_1_1__f_clk/A (sky130_fd_sc_hd__clkbuf_16)
                  0.05    0.14    0.34 ^ clkbuf_1_1__f_clk/X (sky130_fd_sc_hd__clkbuf_16)
     9    0.03                           clknet_1_1__leaf_clk (net)
                  0.05    0.00    0.34 ^ _149_/CLK (sky130_fd_sc_hd__dfrtp_4)
                  0.12    0.48    0.83 ^ _149_/Q (sky130_fd_sc_hd__dfrtp_4)
     8    0.03                           net27 (net)
                  0.12    0.00    0.83 ^ hold9/A (sky130_fd_sc_hd__dlygate4sd3_1)
                  0.07    0.60    1.43 ^ hold9/X (sky130_fd_sc_hd__dlygate4sd3_1)
     1    0.01                           net40 (net)
                  0.07    0.00    1.43 ^ _072_/A (sky130_fd_sc_hd__inv_2)
                  0.03    0.04    1.48 v _072_/Y (sky130_fd_sc_hd__inv_2)
     2    0.01                           _000_ (net)
                  0.03    0.00    1.48 v _074_/A (sky130_fd_sc_hd__nor2_2)
                  0.26    0.25    1.72 ^ _074_/Y (sky130_fd_sc_hd__nor2_2)
     4    0.02                           net18 (net)
                  0.26    0.00    1.73 ^ _171_/A (sky130_fd_sc_hd__clkbuf_1)
                  0.05    0.13    1.86 ^ _171_/X (sky130_fd_sc_hd__clkbuf_1)
     1    0.00                           net26 (net)
                  0.05    0.00    1.86 ^ output26/A (sky130_fd_sc_hd__clkbuf_4)
                  0.11    0.20    2.06 ^ output26/X (sky130_fd_sc_hd__clkbuf_4)
     1    0.03                           instr[7] (net)
                  0.11    0.00    2.06 ^ instr[7] (out)
                                  2.06   data arrival time

                         25.00   25.00   clock clk (rise edge)
                          0.00   25.00   clock network delay (propagated)
                         -0.25   24.75   clock uncertainty
                          0.00   24.75   clock reconvergence pessimism
                         -5.00   19.75   output external delay
                                 19.75   data required time
-----------------------------------------------------------------------------
                                 19.75   data required time
                                 -2.06   data arrival time
-----------------------------------------------------------------------------
                                 17.69   slack (MET)




===========================================================================
report_checks --slack_max -0.01
============================================================================
======================= Fastest Corner ===================================

No paths found.

======================= Slowest Corner ===================================

No paths found.

======================= Typical Corner ===================================

No paths found.


===========================================================================
 report_check_types -max_slew -max_cap -max_fanout -violators
============================================================================
======================= Fastest Corner ===================================

max fanout

Pin                                   Limit Fanout  Slack
---------------------------------------------------------
clkbuf_1_0__f_clk/X                      10     11        (VIOLATED)


======================= Slowest Corner ===================================

max fanout

Pin                                   Limit Fanout  Slack
---------------------------------------------------------
clkbuf_1_0__f_clk/X                      10     11        (VIOLATED)


======================= Typical Corner ===================================

max fanout

Pin                                   Limit Fanout  Slack
---------------------------------------------------------
clkbuf_1_0__f_clk/X                      10     11        (VIOLATED)



===========================================================================
report_parasitic_annotation -report_unannotated
============================================================================
Found 0 unannotated drivers.
Found 0 partially unannotated drivers.

===========================================================================
max slew violation count 0
max fanout violation count 1
max cap violation count 0
============================================================================

===========================================================================
check_setup -verbose -unconstrained_endpoints -multiple_clock -no_clock -no_input_delay -loops -generated_clocks
===========================================================================
