
===========================================================================
report_checks -unconstrained
===========================================================================
======================= Fastest Corner ===================================

Startpoint: reset (input port clocked by clk)
Endpoint: _149_ (recovery check against rising-edge clock clk)
Path Group: asynchronous
Path Type: max
Corner: Fastest

Fanout     Cap    Slew   Delay    Time   Description
-----------------------------------------------------------------------------
                          0.00    0.00   clock clk (rise edge)
                          0.00    0.00   clock network delay (propagated)
                          5.00    5.00 v input external delay
                  0.00    0.00    5.00 v reset (in)
     1    0.00                           reset (net)
                  0.00    0.00    5.00 v input1/A (sky130_fd_sc_hd__clkbuf_2)
                  0.08    0.11    5.11 v input1/X (sky130_fd_sc_hd__clkbuf_2)
     4    0.03                           net1 (net)
                  0.08    0.00    5.11 v _087_/A (sky130_fd_sc_hd__inv_2)
                  0.03    0.05    5.16 ^ _087_/Y (sky130_fd_sc_hd__inv_2)
     1    0.00                           _004_ (net)
                  0.03    0.00    5.16 ^ _149_/RESET_B (sky130_fd_sc_hd__dfrtp_4)
                                  5.16   data arrival time

                         25.00   25.00   clock clk (rise edge)
                          0.00   25.00   clock source latency
                  0.06    0.04   25.04 ^ clk (in)
     1    0.02                           clk (net)
                  0.06    0.00   25.04 ^ clkbuf_0_clk/A (sky130_fd_sc_hd__clkbuf_16)
                  0.03    0.09   25.12 ^ clkbuf_0_clk/X (sky130_fd_sc_hd__clkbuf_16)
     2    0.02                           clknet_0_clk (net)
                  0.03    0.00   25.12 ^ clkbuf_1_1__f_clk/A (sky130_fd_sc_hd__clkbuf_16)
                  0.04    0.09   25.21 ^ clkbuf_1_1__f_clk/X (sky130_fd_sc_hd__clkbuf_16)
     9    0.03                           clknet_1_1__leaf_clk (net)
                  0.04    0.00   25.21 ^ _149_/CLK (sky130_fd_sc_hd__dfrtp_4)
                         -0.25   24.96   clock uncertainty
                          0.00   24.96   clock reconvergence pessimism
                          0.13   25.09   library recovery time
                                 25.09   data required time
-----------------------------------------------------------------------------
                                 25.09   data required time
                                 -5.16   data arrival time
-----------------------------------------------------------------------------
                                 19.93   slack (MET)


Startpoint: _149_ (rising edge-triggered flip-flop clocked by clk)
Endpoint: instr[7] (output port clocked by clk)
Path Group: clk
Path Type: max
Corner: Fastest

Fanout     Cap    Slew   Delay    Time   Description
-----------------------------------------------------------------------------
                          0.00    0.00   clock clk (rise edge)
                          0.00    0.00   clock source latency
                  0.06    0.04    0.04 ^ clk (in)
     1    0.02                           clk (net)
                  0.06    0.00    0.04 ^ clkbuf_0_clk/A (sky130_fd_sc_hd__clkbuf_16)
                  0.03    0.10    0.14 ^ clkbuf_0_clk/X (sky130_fd_sc_hd__clkbuf_16)
     2    0.02                           clknet_0_clk (net)
                  0.03    0.00    0.14 ^ clkbuf_1_1__f_clk/A (sky130_fd_sc_hd__clkbuf_16)
                  0.04    0.10    0.23 ^ clkbuf_1_1__f_clk/X (sky130_fd_sc_hd__clkbuf_16)
     9    0.03                           clknet_1_1__leaf_clk (net)
                  0.04    0.00    0.23 ^ _149_/CLK (sky130_fd_sc_hd__dfrtp_4)
                  0.08    0.30    0.54 ^ _149_/Q (sky130_fd_sc_hd__dfrtp_4)
     8    0.03                           net27 (net)
                  0.08    0.00    0.54 ^ hold9/A (sky130_fd_sc_hd__dlygate4sd3_1)
                  0.05    0.41    0.95 ^ hold9/X (sky130_fd_sc_hd__dlygate4sd3_1)
     1    0.01                           net40 (net)
                  0.05    0.00    0.95 ^ _072_/A (sky130_fd_sc_hd__inv_2)
                  0.02    0.02    0.98 v _072_/Y (sky130_fd_sc_hd__inv_2)
     2    0.01                           _000_ (net)
                  0.02    0.00    0.98 v _074_/A (sky130_fd_sc_hd__nor2_2)
                  0.18    0.17    1.15 ^ _074_/Y (sky130_fd_sc_hd__nor2_2)
     4    0.02                           net18 (net)
                  0.18    0.00    1.15 ^ _171_/A (sky130_fd_sc_hd__clkbuf_1)
                  0.04    0.07    1.21 ^ _171_/X (sky130_fd_sc_hd__clkbuf_1)
     1    0.00                           net26 (net)
                  0.04    0.00    1.21 ^ output26/A (sky130_fd_sc_hd__clkbuf_4)
                  0.08    0.13    1.35 ^ output26/X (sky130_fd_sc_hd__clkbuf_4)
     1    0.03                           instr[7] (net)
                  0.08    0.00    1.35 ^ instr[7] (out)
                                  1.35   data arrival time

                         25.00   25.00   clock clk (rise edge)
                          0.00   25.00   clock network delay (propagated)
                         -0.25   24.75   clock uncertainty
                          0.00   24.75   clock reconvergence pessimism
                         -5.00   19.75   output external delay
                                 19.75   data required time
-----------------------------------------------------------------------------
                                 19.75   data required time
                                 -1.35   data arrival time
-----------------------------------------------------------------------------
                                 18.40   slack (MET)



======================= Slowest Corner ===================================

Startpoint: reset (input port clocked by clk)
Endpoint: _149_ (recovery check against rising-edge clock clk)
Path Group: asynchronous
Path Type: max
Corner: Slowest

Fanout     Cap    Slew   Delay    Time   Description
-----------------------------------------------------------------------------
                          0.00    0.00   clock clk (rise edge)
                          0.00    0.00   clock network delay (propagated)
                          5.00    5.00 v input external delay
                  0.02    0.01    5.01 v reset (in)
     1    0.00                           reset (net)
                  0.02    0.00    5.01 v input1/A (sky130_fd_sc_hd__clkbuf_2)
                  0.20    0.29    5.30 v input1/X (sky130_fd_sc_hd__clkbuf_2)
     4    0.03                           net1 (net)
                  0.20    0.00    5.31 v _087_/A (sky130_fd_sc_hd__inv_2)
                  0.07    0.13    5.43 ^ _087_/Y (sky130_fd_sc_hd__inv_2)
     1    0.00                           _004_ (net)
                  0.07    0.00    5.43 ^ _149_/RESET_B (sky130_fd_sc_hd__dfrtp_4)
                                  5.43   data arrival time

                         25.00   25.00   clock clk (rise edge)
                          0.00   25.00   clock source latency
                  0.12    0.07   25.07 ^ clk (in)
     1    0.02                           clk (net)
                  0.12    0.00   25.07 ^ clkbuf_0_clk/A (sky130_fd_sc_hd__clkbuf_16)
                  0.07    0.23   25.31 ^ clkbuf_0_clk/X (sky130_fd_sc_hd__clkbuf_16)
     2    0.02                           clknet_0_clk (net)
                  0.07    0.00   25.31 ^ clkbuf_1_1__f_clk/A (sky130_fd_sc_hd__clkbuf_16)
                  0.08    0.22   25.53 ^ clkbuf_1_1__f_clk/X (sky130_fd_sc_hd__clkbuf_16)
     9    0.03                           clknet_1_1__leaf_clk (net)
                  0.08    0.00   25.53 ^ _149_/CLK (sky130_fd_sc_hd__dfrtp_4)
                         -0.25   25.28   clock uncertainty
                          0.00   25.28   clock reconvergence pessimism
                          0.45   25.73   library recovery time
                                 25.73   data required time
-----------------------------------------------------------------------------
                                 25.73   data required time
                                 -5.43   data arrival time
-----------------------------------------------------------------------------
                                 20.30   slack (MET)


Startpoint: _149_ (rising edge-triggered flip-flop clocked by clk)
Endpoint: instr[7] (output port clocked by clk)
Path Group: clk
Path Type: max
Corner: Slowest

Fanout     Cap    Slew   Delay    Time   Description
-----------------------------------------------------------------------------
                          0.00    0.00   clock clk (rise edge)
                          0.00    0.00   clock source latency
                  0.12    0.08    0.08 ^ clk (in)
     1    0.02                           clk (net)
                  0.12    0.00    0.08 ^ clkbuf_0_clk/A (sky130_fd_sc_hd__clkbuf_16)
                  0.07    0.26    0.34 ^ clkbuf_0_clk/X (sky130_fd_sc_hd__clkbuf_16)
     2    0.02                           clknet_0_clk (net)
                  0.07    0.00    0.34 ^ clkbuf_1_1__f_clk/A (sky130_fd_sc_hd__clkbuf_16)
                  0.08    0.24    0.58 ^ clkbuf_1_1__f_clk/X (sky130_fd_sc_hd__clkbuf_16)
     9    0.03                           clknet_1_1__leaf_clk (net)
                  0.08    0.00    0.58 ^ _149_/CLK (sky130_fd_sc_hd__dfrtp_4)
                  0.19    0.96    1.54 ^ _149_/Q (sky130_fd_sc_hd__dfrtp_4)
     8    0.03                           net27 (net)
                  0.19    0.00    1.54 ^ hold9/A (sky130_fd_sc_hd__dlygate4sd3_1)
                  0.12    1.18    2.72 ^ hold9/X (sky130_fd_sc_hd__dlygate4sd3_1)
     1    0.01                           net40 (net)
                  0.12    0.00    2.72 ^ _072_/A (sky130_fd_sc_hd__inv_2)
                  0.05    0.09    2.81 v _072_/Y (sky130_fd_sc_hd__inv_2)
     2    0.01                           _000_ (net)
                  0.05    0.00    2.82 v _074_/A (sky130_fd_sc_hd__nor2_2)
                  0.41    0.40    3.21 ^ _074_/Y (sky130_fd_sc_hd__nor2_2)
     4    0.02                           net18 (net)
                  0.41    0.00    3.22 ^ _171_/A (sky130_fd_sc_hd__clkbuf_1)
                  0.08    0.29    3.50 ^ _171_/X (sky130_fd_sc_hd__clkbuf_1)
     1    0.00                           net26 (net)
                  0.08    0.00    3.50 ^ output26/A (sky130_fd_sc_hd__clkbuf_4)
                  0.18    0.35    3.85 ^ output26/X (sky130_fd_sc_hd__clkbuf_4)
     1    0.03                           instr[7] (net)
                  0.18    0.00    3.85 ^ instr[7] (out)
                                  3.85   data arrival time

                         25.00   25.00   clock clk (rise edge)
                          0.00   25.00   clock network delay (propagated)
                         -0.25   24.75   clock uncertainty
                          0.00   24.75   clock reconvergence pessimism
                         -5.00   19.75   output external delay
                                 19.75   data required time
-----------------------------------------------------------------------------
                                 19.75   data required time
                                 -3.85   data arrival time
-----------------------------------------------------------------------------
                                 15.90   slack (MET)



======================= Typical Corner ===================================

Startpoint: reset (input port clocked by clk)
Endpoint: _149_ (recovery check against rising-edge clock clk)
Path Group: asynchronous
Path Type: max
Corner: Typical

Fanout     Cap    Slew   Delay    Time   Description
-----------------------------------------------------------------------------
                          0.00    0.00   clock clk (rise edge)
                          0.00    0.00   clock network delay (propagated)
                          5.00    5.00 v input external delay
                  0.01    0.00    5.00 v reset (in)
     1    0.00                           reset (net)
                  0.01    0.00    5.00 v input1/A (sky130_fd_sc_hd__clkbuf_2)
                  0.11    0.16    5.17 v input1/X (sky130_fd_sc_hd__clkbuf_2)
     4    0.03                           net1 (net)
                  0.11    0.00    5.17 v _087_/A (sky130_fd_sc_hd__inv_2)
                  0.04    0.07    5.24 ^ _087_/Y (sky130_fd_sc_hd__inv_2)
     1    0.00                           _004_ (net)
                  0.04    0.00    5.24 ^ _149_/RESET_B (sky130_fd_sc_hd__dfrtp_4)
                                  5.24   data arrival time

                         25.00   25.00   clock clk (rise edge)
                          0.00   25.00   clock source latency
                  0.07    0.05   25.05 ^ clk (in)
     1    0.02                           clk (net)
                  0.07    0.00   25.05 ^ clkbuf_0_clk/A (sky130_fd_sc_hd__clkbuf_16)
                  0.04    0.13   25.18 ^ clkbuf_0_clk/X (sky130_fd_sc_hd__clkbuf_16)
     2    0.02                           clknet_0_clk (net)
                  0.04    0.00   25.18 ^ clkbuf_1_1__f_clk/A (sky130_fd_sc_hd__clkbuf_16)
                  0.05    0.13   25.31 ^ clkbuf_1_1__f_clk/X (sky130_fd_sc_hd__clkbuf_16)
     9    0.03                           clknet_1_1__leaf_clk (net)
                  0.05    0.00   25.31 ^ _149_/CLK (sky130_fd_sc_hd__dfrtp_4)
                         -0.25   25.06   clock uncertainty
                          0.00   25.06   clock reconvergence pessimism
                          0.22   25.28   library recovery time
                                 25.28   data required time
-----------------------------------------------------------------------------
                                 25.28   data required time
                                 -5.24   data arrival time
-----------------------------------------------------------------------------
                                 20.04   slack (MET)


Startpoint: _149_ (rising edge-triggered flip-flop clocked by clk)
Endpoint: instr[7] (output port clocked by clk)
Path Group: clk
Path Type: max
Corner: Typical

Fanout     Cap    Slew   Delay    Time   Description
-----------------------------------------------------------------------------
                          0.00    0.00   clock clk (rise edge)
                          0.00    0.00   clock source latency
                  0.07    0.05    0.05 ^ clk (in)
     1    0.02                           clk (net)
                  0.07    0.00    0.05 ^ clkbuf_0_clk/A (sky130_fd_sc_hd__clkbuf_16)
                  0.04    0.14    0.20 ^ clkbuf_0_clk/X (sky130_fd_sc_hd__clkbuf_16)
     2    0.02                           clknet_0_clk (net)
                  0.04    0.00    0.20 ^ clkbuf_1_1__f_clk/A (sky130_fd_sc_hd__clkbuf_16)
                  0.05    0.14    0.34 ^ clkbuf_1_1__f_clk/X (sky130_fd_sc_hd__clkbuf_16)
     9    0.03                           clknet_1_1__leaf_clk (net)
                  0.05    0.00    0.34 ^ _149_/CLK (sky130_fd_sc_hd__dfrtp_4)
                  0.11    0.48    0.82 ^ _149_/Q (sky130_fd_sc_hd__dfrtp_4)
     8    0.03                           net27 (net)
                  0.11    0.00    0.82 ^ hold9/A (sky130_fd_sc_hd__dlygate4sd3_1)
                  0.07    0.60    1.42 ^ hold9/X (sky130_fd_sc_hd__dlygate4sd3_1)
     1    0.01                           net40 (net)
                  0.07    0.00    1.42 ^ _072_/A (sky130_fd_sc_hd__inv_2)
                  0.03    0.04    1.46 v _072_/Y (sky130_fd_sc_hd__inv_2)
     2    0.01                           _000_ (net)
                  0.03    0.00    1.46 v _074_/A (sky130_fd_sc_hd__nor2_2)
                  0.25    0.24    1.70 ^ _074_/Y (sky130_fd_sc_hd__nor2_2)
     4    0.02                           net18 (net)
                  0.25    0.00    1.70 ^ _171_/A (sky130_fd_sc_hd__clkbuf_1)
                  0.05    0.13    1.83 ^ _171_/X (sky130_fd_sc_hd__clkbuf_1)
     1    0.00                           net26 (net)
                  0.05    0.00    1.83 ^ output26/A (sky130_fd_sc_hd__clkbuf_4)
                  0.11    0.20    2.03 ^ output26/X (sky130_fd_sc_hd__clkbuf_4)
     1    0.03                           instr[7] (net)
                  0.11    0.00    2.03 ^ instr[7] (out)
                                  2.03   data arrival time

                         25.00   25.00   clock clk (rise edge)
                          0.00   25.00   clock network delay (propagated)
                         -0.25   24.75   clock uncertainty
                          0.00   24.75   clock reconvergence pessimism
                         -5.00   19.75   output external delay
                                 19.75   data required time
-----------------------------------------------------------------------------
                                 19.75   data required time
                                 -2.03   data arrival time
-----------------------------------------------------------------------------
                                 17.72   slack (MET)




===========================================================================
report_checks --slack_max -0.01
============================================================================
======================= Fastest Corner ===================================

No paths found.

======================= Slowest Corner ===================================

No paths found.

======================= Typical Corner ===================================

No paths found.


===========================================================================
 report_check_types -max_slew -max_cap -max_fanout -violators
============================================================================
======================= Fastest Corner ===================================

max fanout

Pin                                   Limit Fanout  Slack
---------------------------------------------------------
clkbuf_1_0__f_clk/X                      10     11        (VIOLATED)


======================= Slowest Corner ===================================

max fanout

Pin                                   Limit Fanout  Slack
---------------------------------------------------------
clkbuf_1_0__f_clk/X                      10     11        (VIOLATED)


======================= Typical Corner ===================================

max fanout

Pin                                   Limit Fanout  Slack
---------------------------------------------------------
clkbuf_1_0__f_clk/X                      10     11        (VIOLATED)



===========================================================================
report_parasitic_annotation -report_unannotated
============================================================================
Found 0 unannotated drivers.
Found 0 partially unannotated drivers.

===========================================================================
max slew violation count 0
max fanout violation count 1
max cap violation count 0
============================================================================

===========================================================================
check_setup -verbose -unconstrained_endpoints -multiple_clock -no_clock -no_input_delay -loops -generated_clocks
===========================================================================
